Archive member included to satisfy reference by file (symbol)

d:/vxl/stm32cubeide_1.7.0/stm32cubeide/plugins/com.st.stm32cube.ide.mcu.externaltools.gnu-tools-for-stm32.9-2020-q2-update.win32_2.0.0.202105311346/tools/bin/../lib/gcc/arm-none-eabi/9.3.1/../../../../arm-none-eabi/lib/thumb/v7-m/nofp\libc_nano.a(lib_a-errno.o)
                              ./Core/Src/syscalls.o (__errno)
d:/vxl/stm32cubeide_1.7.0/stm32cubeide/plugins/com.st.stm32cube.ide.mcu.externaltools.gnu-tools-for-stm32.9-2020-q2-update.win32_2.0.0.202105311346/tools/bin/../lib/gcc/arm-none-eabi/9.3.1/../../../../arm-none-eabi/lib/thumb/v7-m/nofp\libc_nano.a(lib_a-exit.o)
                              d:/vxl/stm32cubeide_1.7.0/stm32cubeide/plugins/com.st.stm32cube.ide.mcu.externaltools.gnu-tools-for-stm32.9-2020-q2-update.win32_2.0.0.202105311346/tools/bin/../lib/gcc/arm-none-eabi/9.3.1/../../../../arm-none-eabi/lib/thumb/v7-m/nofp/crt0.o (exit)
d:/vxl/stm32cubeide_1.7.0/stm32cubeide/plugins/com.st.stm32cube.ide.mcu.externaltools.gnu-tools-for-stm32.9-2020-q2-update.win32_2.0.0.202105311346/tools/bin/../lib/gcc/arm-none-eabi/9.3.1/../../../../arm-none-eabi/lib/thumb/v7-m/nofp\libc_nano.a(lib_a-impure.o)
                              d:/vxl/stm32cubeide_1.7.0/stm32cubeide/plugins/com.st.stm32cube.ide.mcu.externaltools.gnu-tools-for-stm32.9-2020-q2-update.win32_2.0.0.202105311346/tools/bin/../lib/gcc/arm-none-eabi/9.3.1/../../../../arm-none-eabi/lib/thumb/v7-m/nofp\libc_nano.a(lib_a-exit.o) (_global_impure_ptr)
d:/vxl/stm32cubeide_1.7.0/stm32cubeide/plugins/com.st.stm32cube.ide.mcu.externaltools.gnu-tools-for-stm32.9-2020-q2-update.win32_2.0.0.202105311346/tools/bin/../lib/gcc/arm-none-eabi/9.3.1/../../../../arm-none-eabi/lib/thumb/v7-m/nofp\libc_nano.a(lib_a-init.o)
                              d:/vxl/stm32cubeide_1.7.0/stm32cubeide/plugins/com.st.stm32cube.ide.mcu.externaltools.gnu-tools-for-stm32.9-2020-q2-update.win32_2.0.0.202105311346/tools/bin/../lib/gcc/arm-none-eabi/9.3.1/../../../../arm-none-eabi/lib/thumb/v7-m/nofp/crt0.o (__libc_init_array)
d:/vxl/stm32cubeide_1.7.0/stm32cubeide/plugins/com.st.stm32cube.ide.mcu.externaltools.gnu-tools-for-stm32.9-2020-q2-update.win32_2.0.0.202105311346/tools/bin/../lib/gcc/arm-none-eabi/9.3.1/../../../../arm-none-eabi/lib/thumb/v7-m/nofp\libc_nano.a(lib_a-memset.o)
                              d:/vxl/stm32cubeide_1.7.0/stm32cubeide/plugins/com.st.stm32cube.ide.mcu.externaltools.gnu-tools-for-stm32.9-2020-q2-update.win32_2.0.0.202105311346/tools/bin/../lib/gcc/arm-none-eabi/9.3.1/../../../../arm-none-eabi/lib/thumb/v7-m/nofp/crt0.o (memset)

Allocating common symbols
Common symbol       size              file

uwTick              0x4               ./Drivers/STM32F1xx_HAL_Driver/Src/stm32f1xx_hal.o
pFlash              0x20              ./Drivers/STM32F1xx_HAL_Driver/Src/stm32f1xx_hal_flash.o

Discarded input sections

 .text          0x0000000000000000        0x0 d:/vxl/stm32cubeide_1.7.0/stm32cubeide/plugins/com.st.stm32cube.ide.mcu.externaltools.gnu-tools-for-stm32.9-2020-q2-update.win32_2.0.0.202105311346/tools/bin/../lib/gcc/arm-none-eabi/9.3.1/thumb/v7-m/nofp/crti.o
 .data          0x0000000000000000        0x0 d:/vxl/stm32cubeide_1.7.0/stm32cubeide/plugins/com.st.stm32cube.ide.mcu.externaltools.gnu-tools-for-stm32.9-2020-q2-update.win32_2.0.0.202105311346/tools/bin/../lib/gcc/arm-none-eabi/9.3.1/thumb/v7-m/nofp/crti.o
 .bss           0x0000000000000000        0x0 d:/vxl/stm32cubeide_1.7.0/stm32cubeide/plugins/com.st.stm32cube.ide.mcu.externaltools.gnu-tools-for-stm32.9-2020-q2-update.win32_2.0.0.202105311346/tools/bin/../lib/gcc/arm-none-eabi/9.3.1/thumb/v7-m/nofp/crti.o
 .data          0x0000000000000000        0x4 d:/vxl/stm32cubeide_1.7.0/stm32cubeide/plugins/com.st.stm32cube.ide.mcu.externaltools.gnu-tools-for-stm32.9-2020-q2-update.win32_2.0.0.202105311346/tools/bin/../lib/gcc/arm-none-eabi/9.3.1/thumb/v7-m/nofp/crtbegin.o
 .text          0x0000000000000000       0x7c d:/vxl/stm32cubeide_1.7.0/stm32cubeide/plugins/com.st.stm32cube.ide.mcu.externaltools.gnu-tools-for-stm32.9-2020-q2-update.win32_2.0.0.202105311346/tools/bin/../lib/gcc/arm-none-eabi/9.3.1/../../../../arm-none-eabi/lib/thumb/v7-m/nofp/crt0.o
 .data          0x0000000000000000        0x0 d:/vxl/stm32cubeide_1.7.0/stm32cubeide/plugins/com.st.stm32cube.ide.mcu.externaltools.gnu-tools-for-stm32.9-2020-q2-update.win32_2.0.0.202105311346/tools/bin/../lib/gcc/arm-none-eabi/9.3.1/../../../../arm-none-eabi/lib/thumb/v7-m/nofp/crt0.o
 .bss           0x0000000000000000        0x0 d:/vxl/stm32cubeide_1.7.0/stm32cubeide/plugins/com.st.stm32cube.ide.mcu.externaltools.gnu-tools-for-stm32.9-2020-q2-update.win32_2.0.0.202105311346/tools/bin/../lib/gcc/arm-none-eabi/9.3.1/../../../../arm-none-eabi/lib/thumb/v7-m/nofp/crt0.o
[...]
Memory Configuration

Name             Origin             Length             Attributes
RAM              0x0000000020000000 0x0000000000002800 xrw
FLASH            0x0000000008000000 0x0000000000008000 xr
*default*        0x0000000000000000 0xffffffffffffffff

Linker script and memory map

LOAD d:/vxl/stm32cubeide_1.7.0/stm32cubeide/plugins/com.st.stm32cube.ide.mcu.externaltools.gnu-tools-for-stm32.9-2020-q2-update.win32_2.0.0.202105311346/tools/bin/../lib/gcc/arm-none-eabi/9.3.1/thumb/v7-m/nofp/crti.o
LOAD d:/vxl/stm32cubeide_1.7.0/stm32cubeide/plugins/com.st.stm32cube.ide.mcu.externaltools.gnu-tools-for-stm32.9-2020-q2-update.win32_2.0.0.202105311346/tools/bin/../lib/gcc/arm-none-eabi/9.3.1/thumb/v7-m/nofp/crtbegin.o
LOAD d:/vxl/stm32cubeide_1.7.0/stm32cubeide/plugins/com.st.stm32cube.ide.mcu.externaltools.gnu-tools-for-stm32.9-2020-q2-update.win32_2.0.0.202105311346/tools/bin/../lib/gcc/arm-none-eabi/9.3.1/../../../../arm-none-eabi/lib/thumb/v7-m/nofp/crt0.o
LOAD ./Core/Src/Exercise1.o
LOAD ./Core/Src/main.o
LOAD ./Core/Src/stm32f1xx_hal_msp.o
LOAD ./Core/Src/stm32f1xx_it.o
LOAD ./Core/Src/syscalls.o
LOAD ./Core/Src/sysmem.o
LOAD ./Core/Src/system_stm32f1xx.o
LOAD ./Core/Startup/startup_stm32f103c6ux.o
LOAD ./Drivers/STM32F1xx_HAL_Driver/Src/stm32f1xx_hal.o
LOAD ./Drivers/STM32F1xx_HAL_Driver/Src/stm32f1xx_hal_cortex.o
LOAD ./Drivers/STM32F1xx_HAL_Driver/Src/stm32f1xx_hal_dma.o
LOAD ./Drivers/STM32F1xx_HAL_Driver/Src/stm32f1xx_hal_exti.o
LOAD ./Drivers/STM32F1xx_HAL_Driver/Src/stm32f1xx_hal_flash.o
LOAD ./Drivers/STM32F1xx_HAL_Driver/Src/stm32f1xx_hal_flash_ex.o
LOAD ./Drivers/STM32F1xx_HAL_Driver/Src/stm32f1xx_hal_gpio.o
LOAD ./Drivers/STM32F1xx_HAL_Driver/Src/stm32f1xx_hal_gpio_ex.o
LOAD ./Drivers/STM32F1xx_HAL_Driver/Src/stm32f1xx_hal_pwr.o
LOAD ./Drivers/STM32F1xx_HAL_Driver/Src/stm32f1xx_hal_rcc.o
LOAD ./Drivers/STM32F1xx_HAL_Driver/Src/stm32f1xx_hal_rcc_ex.o
LOAD ./Drivers/STM32F1xx_HAL_Driver/Src/stm32f1xx_hal_tim.o
LOAD ./Drivers/STM32F1xx_HAL_Driver/Src/stm32f1xx_hal_tim_ex.o
START GROUP
LOAD d:/vxl/stm32cubeide_1.7.0/stm32cubeide/plugins/com.st.stm32cube.ide.mcu.externaltools.gnu-tools-for-stm32.9-2020-q2-update.win32_2.0.0.202105311346/tools/bin/../lib/gcc/arm-none-eabi/9.3.1/../../../../arm-none-eabi/lib/thumb/v7-m/nofp\libc_nano.a
LOAD d:/vxl/stm32cubeide_1.7.0/stm32cubeide/plugins/com.st.stm32cube.ide.mcu.externaltools.gnu-tools-for-stm32.9-2020-q2-update.win32_2.0.0.202105311346/tools/bin/../lib/gcc/arm-none-eabi/9.3.1/../../../../arm-none-eabi/lib/thumb/v7-m/nofp\libm.a
END GROUP
START GROUP
LOAD d:/vxl/stm32cubeide_1.7.0/stm32cubeide/plugins/com.st.stm32cube.ide.mcu.externaltools.gnu-tools-for-stm32.9-2020-q2-update.win32_2.0.0.202105311346/tools/bin/../lib/gcc/arm-none-eabi/9.3.1/thumb/v7-m/nofp\libgcc.a
LOAD d:/vxl/stm32cubeide_1.7.0/stm32cubeide/plugins/com.st.stm32cube.ide.mcu.externaltools.gnu-tools-for-stm32.9-2020-q2-update.win32_2.0.0.202105311346/tools/bin/../lib/gcc/arm-none-eabi/9.3.1/../../../../arm-none-eabi/lib/thumb/v7-m/nofp\libc_nano.a
END GROUP
START GROUP
LOAD d:/vxl/stm32cubeide_1.7.0/stm32cubeide/plugins/com.st.stm32cube.ide.mcu.externaltools.gnu-tools-for-stm32.9-2020-q2-update.win32_2.0.0.202105311346/tools/bin/../lib/gcc/arm-none-eabi/9.3.1/thumb/v7-m/nofp\libgcc.a
LOAD d:/vxl/stm32cubeide_1.7.0/stm32cubeide/plugins/com.st.stm32cube.ide.mcu.externaltools.gnu-tools-for-stm32.9-2020-q2-update.win32_2.0.0.202105311346/tools/bin/../lib/gcc/arm-none-eabi/9.3.1/../../../../arm-none-eabi/lib/thumb/v7-m/nofp\libc_nano.a
LOAD d:/vxl/stm32cubeide_1.7.0/stm32cubeide/plugins/com.st.stm32cube.ide.mcu.externaltools.gnu-tools-for-stm32.9-2020-q2-update.win32_2.0.0.202105311346/tools/bin/../lib/gcc/arm-none-eabi/9.3.1/../../../../arm-none-eabi/lib/thumb/v7-m/nofp\libnosys.a
END GROUP
START GROUP
LOAD d:/vxl/stm32cubeide_1.7.0/stm32cubeide/plugins/com.st.stm32cube.ide.mcu.externaltools.gnu-tools-for-stm32.9-2020-q2-update.win32_2.0.0.202105311346/tools/bin/../lib/gcc/arm-none-eabi/9.3.1/thumb/v7-m/nofp\libgcc.a
LOAD d:/vxl/stm32cubeide_1.7.0/stm32cubeide/plugins/com.st.stm32cube.ide.mcu.externaltools.gnu-tools-for-stm32.9-2020-q2-update.win32_2.0.0.202105311346/tools/bin/../lib/gcc/arm-none-eabi/9.3.1/../../../../arm-none-eabi/lib/thumb/v7-m/nofp\libc_nano.a
LOAD d:/vxl/stm32cubeide_1.7.0/stm32cubeide/plugins/com.st.stm32cube.ide.mcu.externaltools.gnu-tools-for-stm32.9-2020-q2-update.win32_2.0.0.202105311346/tools/bin/../lib/gcc/arm-none-eabi/9.3.1/../../../../arm-none-eabi/lib/thumb/v7-m/nofp\libnosys.a
END GROUP
LOAD d:/vxl/stm32cubeide_1.7.0/stm32cubeide/plugins/com.st.stm32cube.ide.mcu.externaltools.gnu-tools-for-stm32.9-2020-q2-update.win32_2.0.0.202105311346/tools/bin/../lib/gcc/arm-none-eabi/9.3.1/thumb/v7-m/nofp/crtend.o
LOAD d:/vxl/stm32cubeide_1.7.0/stm32cubeide/plugins/com.st.stm32cube.ide.mcu.externaltools.gnu-tools-for-stm32.9-2020-q2-update.win32_2.0.0.202105311346/tools/bin/../lib/gcc/arm-none-eabi/9.3.1/thumb/v7-m/nofp/crtn.o
                0x0000000020002800                _estack = (ORIGIN (RAM) + LENGTH (RAM))
                0x0000000000000200                _Min_Heap_Size = 0x200
                0x0000000000000400                _Min_Stack_Size = 0x400

.isr_vector     0x0000000008000000      0x10c
                0x0000000008000000                . = ALIGN (0x4)
 *(.isr_vector)
 .isr_vector    0x0000000008000000      0x10c ./Core/Startup/startup_stm32f103c6ux.o
                0x0000000008000000                g_pfnVectors
                0x000000000800010c                . = ALIGN (0x4)

.text           0x000000000800010c     0x1108
                0x000000000800010c                . = ALIGN (0x4)
 *(.text)
 .text          0x000000000800010c       0x40 d:/vxl/stm32cubeide_1.7.0/stm32cubeide/plugins/com.st.stm32cube.ide.mcu.externaltools.gnu-tools-for-stm32.9-2020-q2-update.win32_2.0.0.202105311346/tools/bin/../lib/gcc/arm-none-eabi/9.3.1/thumb/v7-m/nofp/crtbegin.o
 *(.text*)
 .text.EX1_Init1
                0x000000000800014c       0x58 ./Core/Src/Exercise1.o
                0x000000000800014c                EX1_Init1
 .text.Ex_1     0x00000000080001a4       0x44 ./Core/Src/Exercise1.o
                0x00000000080001a4                Ex_1
 .text.main     0x00000000080001e8       0x1a ./Core/Src/main.o
                0x00000000080001e8                main
 .text.SystemClock_Config
                0x0000000008000202       0x76 ./Core/Src/main.o
                0x0000000008000202                SystemClock_Config
 .text.MX_GPIO_Init
                0x0000000008000278       0x64 ./Core/Src/main.o
 .text.Error_Handler
                0x00000000080002dc        0xa ./Core/Src/main.o
                0x00000000080002dc                Error_Handler
 *fill*         0x00000000080002e6        0x2 
 .text.HAL_MspInit
                0x00000000080002e8       0x64 ./Core/Src/stm32f1xx_hal_msp.o
                0x00000000080002e8                HAL_MspInit
 .text.NMI_Handler
                0x000000000800034c        0x6 ./Core/Src/stm32f1xx_it.o
                0x000000000800034c                NMI_Handler
 .text.HardFault_Handler
                0x0000000008000352        0x6 ./Core/Src/stm32f1xx_it.o
                0x0000000008000352                HardFault_Handler
 .text.MemManage_Handler
                0x0000000008000358        0x6 ./Core/Src/stm32f1xx_it.o
                0x0000000008000358                MemManage_Handler
 .text.BusFault_Handler
                0x000000000800035e        0x6 ./Core/Src/stm32f1xx_it.o
                0x000000000800035e                BusFault_Handler
 .text.UsageFault_Handler
                0x0000000008000364        0x6 ./Core/Src/stm32f1xx_it.o
                0x0000000008000364                UsageFault_Handler
 .text.SVC_Handler
                0x000000000800036a        0xc ./Core/Src/stm32f1xx_it.o
                0x000000000800036a                SVC_Handler
 .text.DebugMon_Handler
                0x0000000008000376        0xc ./Core/Src/stm32f1xx_it.o
                0x0000000008000376                DebugMon_Handler
 .text.PendSV_Handler
                0x0000000008000382        0xc ./Core/Src/stm32f1xx_it.o
                0x0000000008000382                PendSV_Handler
 .text.SysTick_Handler
                0x000000000800038e        0xc ./Core/Src/stm32f1xx_it.o
                0x000000000800038e                SysTick_Handler
 .text.SystemInit
                0x000000000800039a        0xc ./Core/Src/system_stm32f1xx.o
                0x000000000800039a                SystemInit
 *fill*         0x00000000080003a6        0x2 
 .text.Reset_Handler
                0x00000000080003a8       0x48 ./Core/Startup/startup_stm32f103c6ux.o
                0x00000000080003a8                Reset_Handler
 .text.Default_Handler
                0x00000000080003f0        0x2 ./Core/Startup/startup_stm32f103c6ux.o
                0x00000000080003f0                RTC_Alarm_IRQHandler
                0x00000000080003f0                EXTI2_IRQHandler
                0x00000000080003f0                TIM1_CC_IRQHandler
                0x00000000080003f0                PVD_IRQHandler
                0x00000000080003f0                EXTI3_IRQHandler
                0x00000000080003f0                EXTI0_IRQHandler
                0x00000000080003f0                ADC1_2_IRQHandler
                0x00000000080003f0                SPI1_IRQHandler
                0x00000000080003f0                TAMPER_IRQHandler
                0x00000000080003f0                DMA1_Channel4_IRQHandler
                0x00000000080003f0                RTC_IRQHandler
                0x00000000080003f0                DMA1_Channel7_IRQHandler
                0x00000000080003f0                CAN1_RX1_IRQHandler
                0x00000000080003f0                I2C1_EV_IRQHandler
                0x00000000080003f0                DMA1_Channel6_IRQHandler
                0x00000000080003f0                TIM3_IRQHandler
                0x00000000080003f0                RCC_IRQHandler
                0x00000000080003f0                TIM1_TRG_COM_IRQHandler
                0x00000000080003f0                DMA1_Channel1_IRQHandler
                0x00000000080003f0                Default_Handler
                0x00000000080003f0                EXTI15_10_IRQHandler
                0x00000000080003f0                EXTI9_5_IRQHandler
                0x00000000080003f0                DMA1_Channel5_IRQHandler
                0x00000000080003f0                EXTI4_IRQHandler
                0x00000000080003f0                USB_LP_CAN1_RX0_IRQHandler
                0x00000000080003f0                USB_HP_CAN1_TX_IRQHandler
                0x00000000080003f0                DMA1_Channel3_IRQHandler
                0x00000000080003f0                TIM1_UP_IRQHandler
                0x00000000080003f0                WWDG_IRQHandler
                0x00000000080003f0                TIM2_IRQHandler
                0x00000000080003f0                TIM1_BRK_IRQHandler
                0x00000000080003f0                EXTI1_IRQHandler
                0x00000000080003f0                USART2_IRQHandler
                0x00000000080003f0                DMA1_Channel2_IRQHandler
                0x00000000080003f0                CAN1_SCE_IRQHandler
                0x00000000080003f0                FLASH_IRQHandler
                0x00000000080003f0                USART1_IRQHandler
                0x00000000080003f0                I2C1_ER_IRQHandler
                0x00000000080003f0                USBWakeUp_IRQHandler
 *fill*         0x00000000080003f2        0x2 
 .text.HAL_Init
                0x00000000080003f4       0x2c ./Drivers/STM32F1xx_HAL_Driver/Src/stm32f1xx_hal.o
                0x00000000080003f4                HAL_Init
 .text.HAL_InitTick
                0x0000000008000420       0x60 ./Drivers/STM32F1xx_HAL_Driver/Src/stm32f1xx_hal.o
                0x0000000008000420                HAL_InitTick
 .text.HAL_IncTick
                0x0000000008000480       0x24 ./Drivers/STM32F1xx_HAL_Driver/Src/stm32f1xx_hal.o
                0x0000000008000480                HAL_IncTick
 .text.HAL_GetTick
                0x00000000080004a4       0x14 ./Drivers/STM32F1xx_HAL_Driver/Src/stm32f1xx_hal.o
                0x00000000080004a4                HAL_GetTick
 .text.HAL_Delay
                0x00000000080004b8       0x48 ./Drivers/STM32F1xx_HAL_Driver/Src/stm32f1xx_hal.o
                0x00000000080004b8                HAL_Delay
 .text.__NVIC_SetPriorityGrouping
                0x0000000008000500       0x48 ./Drivers/STM32F1xx_HAL_Driver/Src/stm32f1xx_hal_cortex.o
 .text.__NVIC_GetPriorityGrouping
                0x0000000008000548       0x1c ./Drivers/STM32F1xx_HAL_Driver/Src/stm32f1xx_hal_cortex.o
 .text.__NVIC_SetPriority
                0x0000000008000564       0x54 ./Drivers/STM32F1xx_HAL_Driver/Src/stm32f1xx_hal_cortex.o
 .text.NVIC_EncodePriority
                0x00000000080005b8       0x64 ./Drivers/STM32F1xx_HAL_Driver/Src/stm32f1xx_hal_cortex.o
 .text.SysTick_Config
                0x000000000800061c       0x44 ./Drivers/STM32F1xx_HAL_Driver/Src/stm32f1xx_hal_cortex.o
 .text.HAL_NVIC_SetPriorityGrouping
                0x0000000008000660       0x16 ./Drivers/STM32F1xx_HAL_Driver/Src/stm32f1xx_hal_cortex.o
                0x0000000008000660                HAL_NVIC_SetPriorityGrouping
 .text.HAL_NVIC_SetPriority
                0x0000000008000676       0x38 ./Drivers/STM32F1xx_HAL_Driver/Src/stm32f1xx_hal_cortex.o
                0x0000000008000676                HAL_NVIC_SetPriority
 .text.HAL_SYSTICK_Config
                0x00000000080006ae       0x18 ./Drivers/STM32F1xx_HAL_Driver/Src/stm32f1xx_hal_cortex.o
                0x00000000080006ae                HAL_SYSTICK_Config
 *fill*         0x00000000080006c6        0x2 
 .text.HAL_GPIO_Init
                0x00000000080006c8      0x2f4 ./Drivers/STM32F1xx_HAL_Driver/Src/stm32f1xx_hal_gpio.o
                0x00000000080006c8                HAL_GPIO_Init
 .text.HAL_GPIO_WritePin
                0x00000000080009bc       0x30 ./Drivers/STM32F1xx_HAL_Driver/Src/stm32f1xx_hal_gpio.o
                0x00000000080009bc                HAL_GPIO_WritePin
 .text.HAL_RCC_OscConfig
                0x00000000080009ec      0x500 ./Drivers/STM32F1xx_HAL_Driver/Src/stm32f1xx_hal_rcc.o
                0x00000000080009ec                HAL_RCC_OscConfig
 .text.HAL_RCC_ClockConfig
                0x0000000008000eec      0x1d4 ./Drivers/STM32F1xx_HAL_Driver/Src/stm32f1xx_hal_rcc.o
                0x0000000008000eec                HAL_RCC_ClockConfig
 .text.HAL_RCC_GetSysClockFreq
                0x00000000080010c0       0xa8 ./Drivers/STM32F1xx_HAL_Driver/Src/stm32f1xx_hal_rcc.o
                0x00000000080010c0                HAL_RCC_GetSysClockFreq
 .text.RCC_Delay
                0x0000000008001168       0x3c ./Drivers/STM32F1xx_HAL_Driver/Src/stm32f1xx_hal_rcc.o
 .text.__libc_init_array
                0x00000000080011a4       0x48 d:/vxl/stm32cubeide_1.7.0/stm32cubeide/plugins/com.st.stm32cube.ide.mcu.externaltools.gnu-tools-for-stm32.9-2020-q2-update.win32_2.0.0.202105311346/tools/bin/../lib/gcc/arm-none-eabi/9.3.1/../../../../arm-none-eabi/lib/thumb/v7-m/nofp\libc_nano.a(lib_a-init.o)
                0x00000000080011a4                __libc_init_array
 .text.memset   0x00000000080011ec       0x10 d:/vxl/stm32cubeide_1.7.0/stm32cubeide/plugins/com.st.stm32cube.ide.mcu.externaltools.gnu-tools-for-stm32.9-2020-q2-update.win32_2.0.0.202105311346/tools/bin/../lib/gcc/arm-none-eabi/9.3.1/../../../../arm-none-eabi/lib/thumb/v7-m/nofp\libc_nano.a(lib_a-memset.o)
                0x00000000080011ec                memset
 *(.glue_7)
 .glue_7        0x00000000080011fc        0x0 linker stubs
 *(.glue_7t)
 .glue_7t       0x00000000080011fc        0x0 linker stubs
 *(.eh_frame)
 .eh_frame      0x00000000080011fc        0x0 d:/vxl/stm32cubeide_1.7.0/stm32cubeide/plugins/com.st.stm32cube.ide.mcu.externaltools.gnu-tools-for-stm32.9-2020-q2-update.win32_2.0.0.202105311346/tools/bin/../lib/gcc/arm-none-eabi/9.3.1/thumb/v7-m/nofp/crtbegin.o
 *(.init)
 .init          0x00000000080011fc        0x4 d:/vxl/stm32cubeide_1.7.0/stm32cubeide/plugins/com.st.stm32cube.ide.mcu.externaltools.gnu-tools-for-stm32.9-2020-q2-update.win32_2.0.0.202105311346/tools/bin/../lib/gcc/arm-none-eabi/9.3.1/thumb/v7-m/nofp/crti.o
                0x00000000080011fc                _init
 .init          0x0000000008001200        0x8 d:/vxl/stm32cubeide_1.7.0/stm32cubeide/plugins/com.st.stm32cube.ide.mcu.externaltools.gnu-tools-for-stm32.9-2020-q2-update.win32_2.0.0.202105311346/tools/bin/../lib/gcc/arm-none-eabi/9.3.1/thumb/v7-m/nofp/crtn.o
 *(.fini)
 .fini          0x0000000008001208        0x4 d:/vxl/stm32cubeide_1.7.0/stm32cubeide/plugins/com.st.stm32cube.ide.mcu.externaltools.gnu-tools-for-stm32.9-2020-q2-update.win32_2.0.0.202105311346/tools/bin/../lib/gcc/arm-none-eabi/9.3.1/thumb/v7-m/nofp/crti.o
                0x0000000008001208                _fini
 .fini          0x000000000800120c        0x8 d:/vxl/stm32cubeide_1.7.0/stm32cubeide/plugins/com.st.stm32cube.ide.mcu.externaltools.gnu-tools-for-stm32.9-2020-q2-update.win32_2.0.0.202105311346/tools/bin/../lib/gcc/arm-none-eabi/9.3.1/thumb/v7-m/nofp/crtn.o
                0x0000000008001214                . = ALIGN (0x4)
                0x0000000008001214                _etext = .

.vfp11_veneer   0x0000000008001214        0x0
 .vfp11_veneer  0x0000000008001214        0x0 linker stubs

.v4_bx          0x0000000008001214        0x0
 .v4_bx         0x0000000008001214        0x0 linker stubs

.iplt           0x0000000008001214        0x0
 .iplt          0x0000000008001214        0x0 d:/vxl/stm32cubeide_1.7.0/stm32cubeide/plugins/com.st.stm32cube.ide.mcu.externaltools.gnu-tools-for-stm32.9-2020-q2-update.win32_2.0.0.202105311346/tools/bin/../lib/gcc/arm-none-eabi/9.3.1/thumb/v7-m/nofp/crtbegin.o

.rodata         0x0000000008001214       0x24
                0x0000000008001214                . = ALIGN (0x4)
 *(.rodata)
 *(.rodata*)
 .rodata.AHBPrescTable
                0x0000000008001214       0x10 ./Core/Src/system_stm32f1xx.o
                0x0000000008001214                AHBPrescTable
 .rodata.aPLLMULFactorTable.5504
                0x0000000008001224       0x10 ./Drivers/STM32F1xx_HAL_Driver/Src/stm32f1xx_hal_rcc.o
 .rodata.aPredivFactorTable.5505
                0x0000000008001234        0x2 ./Drivers/STM32F1xx_HAL_Driver/Src/stm32f1xx_hal_rcc.o
                0x0000000008001238                . = ALIGN (0x4)
 *fill*         0x0000000008001236        0x2 

.rel.dyn        0x0000000008001238        0x0
 .rel.iplt      0x0000000008001238        0x0 d:/vxl/stm32cubeide_1.7.0/stm32cubeide/plugins/com.st.stm32cube.ide.mcu.externaltools.gnu-tools-for-stm32.9-2020-q2-update.win32_2.0.0.202105311346/tools/bin/../lib/gcc/arm-none-eabi/9.3.1/thumb/v7-m/nofp/crtbegin.o

.ARM.extab      0x0000000008001238        0x0
                0x0000000008001238                . = ALIGN (0x4)
 *(.ARM.extab* .gnu.linkonce.armextab.*)
                0x0000000008001238                . = ALIGN (0x4)

.ARM            0x0000000008001238        0x0
                0x0000000008001238                . = ALIGN (0x4)
                0x0000000008001238                __exidx_start = .
 *(.ARM.exidx*)
                0x0000000008001238                __exidx_end = .
                0x0000000008001238                . = ALIGN (0x4)

.preinit_array  0x0000000008001238        0x0
                0x0000000008001238                . = ALIGN (0x4)
                0x0000000008001238                PROVIDE (__preinit_array_start = .)
 *(.preinit_array*)
                0x0000000008001238                PROVIDE (__preinit_array_end = .)
                0x0000000008001238                . = ALIGN (0x4)

.init_array     0x0000000008001238        0x4
                0x0000000008001238                . = ALIGN (0x4)
                0x0000000008001238                PROVIDE (__init_array_start = .)
 *(SORT_BY_NAME(.init_array.*))
 *(.init_array*)
 .init_array    0x0000000008001238        0x4 d:/vxl/stm32cubeide_1.7.0/stm32cubeide/plugins/com.st.stm32cube.ide.mcu.externaltools.gnu-tools-for-stm32.9-2020-q2-update.win32_2.0.0.202105311346/tools/bin/../lib/gcc/arm-none-eabi/9.3.1/thumb/v7-m/nofp/crtbegin.o
                0x000000000800123c                PROVIDE (__init_array_end = .)
                0x000000000800123c                . = ALIGN (0x4)

.fini_array     0x000000000800123c        0x4
                0x000000000800123c                . = ALIGN (0x4)
                [!provide]                        PROVIDE (__fini_array_start = .)
 *(SORT_BY_NAME(.fini_array.*))
 *(.fini_array*)
 .fini_array    0x000000000800123c        0x4 d:/vxl/stm32cubeide_1.7.0/stm32cubeide/plugins/com.st.stm32cube.ide.mcu.externaltools.gnu-tools-for-stm32.9-2020-q2-update.win32_2.0.0.202105311346/tools/bin/../lib/gcc/arm-none-eabi/9.3.1/thumb/v7-m/nofp/crtbegin.o
                [!provide]                        PROVIDE (__fini_array_end = .)
                0x0000000008001240                . = ALIGN (0x4)
                0x0000000008001240                _sidata = LOADADDR (.data)

.data           0x0000000020000000        0xc load address 0x0000000008001240
                0x0000000020000000                . = ALIGN (0x4)
                0x0000000020000000                _sdata = .
 *(.data)
 *(.data*)
 .data.SystemCoreClock
                0x0000000020000000        0x4 ./Core/Src/system_stm32f1xx.o
                0x0000000020000000                SystemCoreClock
 .data.uwTickPrio
                0x0000000020000004        0x4 ./Drivers/STM32F1xx_HAL_Driver/Src/stm32f1xx_hal.o
                0x0000000020000004                uwTickPrio
 .data.uwTickFreq
                0x0000000020000008        0x1 ./Drivers/STM32F1xx_HAL_Driver/Src/stm32f1xx_hal.o
                0x0000000020000008                uwTickFreq
 *(.RamFunc)
 *(.RamFunc*)
                0x000000002000000c                . = ALIGN (0x4)
 *fill*         0x0000000020000009        0x3 
                0x000000002000000c                _edata = .

.igot.plt       0x000000002000000c        0x0 load address 0x000000000800124c
 .igot.plt      0x000000002000000c        0x0 d:/vxl/stm32cubeide_1.7.0/stm32cubeide/plugins/com.st.stm32cube.ide.mcu.externaltools.gnu-tools-for-stm32.9-2020-q2-update.win32_2.0.0.202105311346/tools/bin/../lib/gcc/arm-none-eabi/9.3.1/thumb/v7-m/nofp/crtbegin.o
                0x000000002000000c                . = ALIGN (0x4)

.bss            0x000000002000000c       0x20 load address 0x000000000800124c
                0x000000002000000c                _sbss = .
                0x000000002000000c                __bss_start__ = _sbss
 *(.bss)
 .bss           0x000000002000000c       0x1c d:/vxl/stm32cubeide_1.7.0/stm32cubeide/plugins/com.st.stm32cube.ide.mcu.externaltools.gnu-tools-for-stm32.9-2020-q2-update.win32_2.0.0.202105311346/tools/bin/../lib/gcc/arm-none-eabi/9.3.1/thumb/v7-m/nofp/crtbegin.o
 *(.bss*)
 *(COMMON)
 COMMON         0x0000000020000028        0x4 ./Drivers/STM32F1xx_HAL_Driver/Src/stm32f1xx_hal.o
                0x0000000020000028                uwTick
                0x000000002000002c                . = ALIGN (0x4)
                0x000000002000002c                _ebss = .
                0x000000002000002c                __bss_end__ = _ebss

._user_heap_stack
                0x000000002000002c      0x604 load address 0x000000000800124c
                0x0000000020000030                . = ALIGN (0x8)
 *fill*         0x000000002000002c        0x4 
                [!provide]                        PROVIDE (end = .)
                0x0000000020000030                PROVIDE (_end = .)
                0x0000000020000230                . = (. + _Min_Heap_Size)
 *fill*         0x0000000020000030      0x200 
                0x0000000020000630                . = (. + _Min_Stack_Size)
 *fill*         0x0000000020000230      0x400 
                0x0000000020000630                . = ALIGN (0x8)

/DISCARD/
 libc.a(*)
 libm.a(*)
 libgcc.a(*)

.ARM.attributes
                0x0000000000000000       0x29
 *(.ARM.attributes)
 .ARM.attributes
                0x0000000000000000       0x1d d:/vxl/stm32cubeide_1.7.0/stm32cubeide/plugins/com.st.stm32cube.ide.mcu.externaltools.gnu-tools-for-stm32.9-2020-q2-update.win32_2.0.0.202105311346/tools/bin/../lib/gcc/arm-none-eabi/9.3.1/thumb/v7-m/nofp/crti.o
 .ARM.attributes
                0x000000000000001d       0x2d d:/vxl/stm32cubeide_1.7.0/stm32cubeide/plugins/com.st.stm32cube.ide.mcu.externaltools.gnu-tools-for-stm32.9-2020-q2-update.win32_2.0.0.202105311346/tools/bin/../lib/gcc/arm-none-eabi/9.3.1/thumb/v7-m/nofp/crtbegin.o
 .ARM.attributes
                0x000000000000004a       0x2d ./Core/Src/Exercise1.o
 .ARM.attributes
                0x0000000000000077       0x2d ./Core/Src/main.o
 .ARM.attributes
                0x00000000000000a4       0x2d ./Core/Src/stm32f1xx_hal_msp.o
 .ARM.attributes
                0x00000000000000d1       0x2d ./Core/Src/stm32f1xx_it.o
 .ARM.attributes
                0x00000000000000fe       0x2d ./Core/Src/system_stm32f1xx.o
 .ARM.attributes
                0x000000000000012b       0x21 ./Core/Startup/startup_stm32f103c6ux.o
 .ARM.attributes
                0x000000000000014c       0x2d ./Drivers/STM32F1xx_HAL_Driver/Src/stm32f1xx_hal.o
 .ARM.attributes
                0x0000000000000179       0x2d ./Drivers/STM32F1xx_HAL_Driver/Src/stm32f1xx_hal_cortex.o
 .ARM.attributes
                0x00000000000001a6       0x2d ./Drivers/STM32F1xx_HAL_Driver/Src/stm32f1xx_hal_gpio.o
 .ARM.attributes
                0x00000000000001d3       0x2d ./Drivers/STM32F1xx_HAL_Driver/Src/stm32f1xx_hal_rcc.o
 .ARM.attributes
                0x0000000000000200       0x2d d:/vxl/stm32cubeide_1.7.0/stm32cubeide/plugins/com.st.stm32cube.ide.mcu.externaltools.gnu-tools-for-stm32.9-2020-q2-update.win32_2.0.0.202105311346/tools/bin/../lib/gcc/arm-none-eabi/9.3.1/../../../../arm-none-eabi/lib/thumb/v7-m/nofp\libc_nano.a(lib_a-init.o)
 .ARM.attributes
                0x000000000000022d       0x2d d:/vxl/stm32cubeide_1.7.0/stm32cubeide/plugins/com.st.stm32cube.ide.mcu.externaltools.gnu-tools-for-stm32.9-2020-q2-update.win32_2.0.0.202105311346/tools/bin/../lib/gcc/arm-none-eabi/9.3.1/../../../../arm-none-eabi/lib/thumb/v7-m/nofp\libc_nano.a(lib_a-memset.o)
 .ARM.attributes
                0x000000000000025a       0x1d d:/vxl/stm32cubeide_1.7.0/stm32cubeide/plugins/com.st.stm32cube.ide.mcu.externaltools.gnu-tools-for-stm32.9-2020-q2-update.win32_2.0.0.202105311346/tools/bin/../lib/gcc/arm-none-eabi/9.3.1/thumb/v7-m/nofp/crtn.o
OUTPUT(LAP_1_LED_ANIMATIONS.elf elf32-littlearm)
LOAD linker stubs
LOAD d:/vxl/stm32cubeide_1.7.0/stm32cubeide/plugins/com.st.stm32cube.ide.mcu.externaltools.gnu-tools-for-stm32.9-2020-q2-update.win32_2.0.0.202105311346/tools/bin/../lib/gcc/arm-none-eabi/9.3.1/../../../../arm-none-eabi/lib/thumb/v7-m/nofp\libc.a
LOAD d:/vxl/stm32cubeide_1.7.0/stm32cubeide/plugins/com.st.stm32cube.ide.mcu.externaltools.gnu-tools-for-stm32.9-2020-q2-update.win32_2.0.0.202105311346/tools/bin/../lib/gcc/arm-none-eabi/9.3.1/../../../../arm-none-eabi/lib/thumb/v7-m/nofp\libm.a
LOAD d:/vxl/stm32cubeide_1.7.0/stm32cubeide/plugins/com.st.stm32cube.ide.mcu.externaltools.gnu-tools-for-stm32.9-2020-q2-update.win32_2.0.0.202105311346/tools/bin/../lib/gcc/arm-none-eabi/9.3.1/thumb/v7-m/nofp\libgcc.a

.debug_info     0x0000000000000000     0x3353
 .debug_info    0x0000000000000000      0x367 ./Core/Src/Exercise1.o
 .debug_info    0x0000000000000367      0x550 ./Core/Src/main.o
 .debug_info    0x00000000000008b7      0x2fc ./Core/Src/stm32f1xx_hal_msp.o
 .debug_info    0x0000000000000bb3      0x222 ./Core/Src/stm32f1xx_it.o
 .debug_info    0x0000000000000dd5      0x2be ./Core/Src/system_stm32f1xx.o
 .debug_info    0x0000000000001093       0x22 ./Core/Startup/startup_stm32f103c6ux.o
 .debug_info    0x00000000000010b5      0x74c ./Drivers/STM32F1xx_HAL_Driver/Src/stm32f1xx_hal.o
 .debug_info    0x0000000000001801      0xbbe ./Drivers/STM32F1xx_HAL_Driver/Src/stm32f1xx_hal_cortex.o
 .debug_info    0x00000000000023bf      0x701 ./Drivers/STM32F1xx_HAL_Driver/Src/stm32f1xx_hal_gpio.o
 .debug_info    0x0000000000002ac0      0x893 ./Drivers/STM32F1xx_HAL_Driver/Src/stm32f1xx_hal_rcc.o

.debug_abbrev   0x0000000000000000     0x1009
 .debug_abbrev  0x0000000000000000      0x15d ./Core/Src/Exercise1.o
 .debug_abbrev  0x000000000000015d      0x202 ./Core/Src/main.o
 .debug_abbrev  0x000000000000035f      0x11d ./Core/Src/stm32f1xx_hal_msp.o
 .debug_abbrev  0x000000000000047c       0xd2 ./Core/Src/stm32f1xx_it.o
 .debug_abbrev  0x000000000000054e      0x14e ./Core/Src/system_stm32f1xx.o
 .debug_abbrev  0x000000000000069c       0x12 ./Core/Startup/startup_stm32f103c6ux.o
 .debug_abbrev  0x00000000000006ae      0x1ed ./Drivers/STM32F1xx_HAL_Driver/Src/stm32f1xx_hal.o
 .debug_abbrev  0x000000000000089b      0x313 ./Drivers/STM32F1xx_HAL_Driver/Src/stm32f1xx_hal_cortex.o
 .debug_abbrev  0x0000000000000bae      0x1e8 ./Drivers/STM32F1xx_HAL_Driver/Src/stm32f1xx_hal_gpio.o
 .debug_abbrev  0x0000000000000d96      0x273 ./Drivers/STM32F1xx_HAL_Driver/Src/stm32f1xx_hal_rcc.o

.debug_aranges  0x0000000000000000      0x400
 .debug_aranges
                0x0000000000000000       0x28 ./Core/Src/Exercise1.o
 .debug_aranges
                0x0000000000000028       0x40 ./Core/Src/main.o
 .debug_aranges
                0x0000000000000068       0x20 ./Core/Src/stm32f1xx_hal_msp.o
 .debug_aranges
                0x0000000000000088       0x60 ./Core/Src/stm32f1xx_it.o
 .debug_aranges
                0x00000000000000e8       0x28 ./Core/Src/system_stm32f1xx.o
 .debug_aranges
                0x0000000000000110       0x28 ./Core/Startup/startup_stm32f103c6ux.o
 .debug_aranges
                0x0000000000000138       0xe0 ./Drivers/STM32F1xx_HAL_Driver/Src/stm32f1xx_hal.o
 .debug_aranges
                0x0000000000000218      0x100 ./Drivers/STM32F1xx_HAL_Driver/Src/stm32f1xx_hal_cortex.o
 .debug_aranges
                0x0000000000000318       0x58 ./Drivers/STM32F1xx_HAL_Driver/Src/stm32f1xx_hal_gpio.o
 .debug_aranges
                0x0000000000000370       0x90 ./Drivers/STM32F1xx_HAL_Driver/Src/stm32f1xx_hal_rcc.o

.debug_ranges   0x0000000000000000      0x368
 .debug_ranges  0x0000000000000000       0x18 ./Core/Src/Exercise1.o
 .debug_ranges  0x0000000000000018       0x30 ./Core/Src/main.o
 .debug_ranges  0x0000000000000048       0x10 ./Core/Src/stm32f1xx_hal_msp.o
 .debug_ranges  0x0000000000000058       0x50 ./Core/Src/stm32f1xx_it.o
 .debug_ranges  0x00000000000000a8       0x18 ./Core/Src/system_stm32f1xx.o
 .debug_ranges  0x00000000000000c0       0x20 ./Core/Startup/startup_stm32f103c6ux.o
 .debug_ranges  0x00000000000000e0       0xd0 ./Drivers/STM32F1xx_HAL_Driver/Src/stm32f1xx_hal.o
 .debug_ranges  0x00000000000001b0       0xf0 ./Drivers/STM32F1xx_HAL_Driver/Src/stm32f1xx_hal_cortex.o
 .debug_ranges  0x00000000000002a0       0x48 ./Drivers/STM32F1xx_HAL_Driver/Src/stm32f1xx_hal_gpio.o
 .debug_ranges  0x00000000000002e8       0x80 ./Drivers/STM32F1xx_HAL_Driver/Src/stm32f1xx_hal_rcc.o

.debug_macro    0x0000000000000000    0x15704
 .debug_macro   0x0000000000000000      0x1a0 ./Core/Src/Exercise1.o
 .debug_macro   0x00000000000001a0      0xa9c ./Core/Src/Exercise1.o
 .debug_macro   0x0000000000000c3c      0x20f ./Core/Src/Exercise1.o
 .debug_macro   0x0000000000000e4b       0x2e ./Core/Src/Exercise1.o
 .debug_macro   0x0000000000000e79       0x22 ./Core/Src/Exercise1.o
 .debug_macro   0x0000000000000e9b       0x22 ./Core/Src/Exercise1.o
 .debug_macro   0x0000000000000ebd       0x8e ./Core/Src/Exercise1.o
 .debug_macro   0x0000000000000f4b       0x51 ./Core/Src/Exercise1.o
 .debug_macro   0x0000000000000f9c      0x103 ./Core/Src/Exercise1.o
 .debug_macro   0x000000000000109f       0x6a ./Core/Src/Exercise1.o
 .debug_macro   0x0000000000001109      0x1df ./Core/Src/Exercise1.o
 .debug_macro   0x00000000000012e8       0x1c ./Core/Src/Exercise1.o
 .debug_macro   0x0000000000001304       0x22 ./Core/Src/Exercise1.o
 .debug_macro   0x0000000000001326       0xc3 ./Core/Src/Exercise1.o
 .debug_macro   0x00000000000013e9      0xd23 ./Core/Src/Exercise1.o
 .debug_macro   0x000000000000210c     0xde75 ./Core/Src/Exercise1.o
 .debug_macro   0x000000000000ff81       0x6d ./Core/Src/Exercise1.o
 .debug_macro   0x000000000000ffee     0x34a2 ./Core/Src/Exercise1.o
 .debug_macro   0x0000000000013490      0x174 ./Core/Src/Exercise1.o
 .debug_macro   0x0000000000013604       0x5c ./Core/Src/Exercise1.o
 .debug_macro   0x0000000000013660      0x5bc ./Core/Src/Exercise1.o
 .debug_macro   0x0000000000013c1c      0x1b7 ./Core/Src/Exercise1.o
 .debug_macro   0x0000000000013dd3      0x1cb ./Core/Src/Exercise1.o
 .debug_macro   0x0000000000013f9e      0x114 ./Core/Src/Exercise1.o
 .debug_macro   0x00000000000140b2      0x1b2 ./Core/Src/Exercise1.o
 .debug_macro   0x0000000000014264       0x27 ./Core/Src/Exercise1.o
 .debug_macro   0x000000000001428b      0x12f ./Core/Src/Exercise1.o
 .debug_macro   0x00000000000143ba      0x1bc ./Core/Src/Exercise1.o
 .debug_macro   0x0000000000014576       0x34 ./Core/Src/Exercise1.o
 .debug_macro   0x00000000000145aa       0x3c ./Core/Src/Exercise1.o
 .debug_macro   0x00000000000145e6       0x57 ./Core/Src/Exercise1.o
 .debug_macro   0x000000000001463d       0x87 ./Core/Src/Exercise1.o
 .debug_macro   0x00000000000146c4      0x183 ./Core/Src/Exercise1.o
 .debug_macro   0x0000000000014847      0x140 ./Core/Src/Exercise1.o
 .debug_macro   0x0000000000014987       0x69 ./Core/Src/Exercise1.o
 .debug_macro   0x00000000000149f0       0x1c ./Core/Src/Exercise1.o
 .debug_macro   0x0000000000014a0c       0x10 ./Core/Src/Exercise1.o
 .debug_macro   0x0000000000014a1c      0x191 ./Core/Src/main.o
 .debug_macro   0x0000000000014bad      0x191 ./Core/Src/stm32f1xx_hal_msp.o
 .debug_macro   0x0000000000014d3e      0x19b ./Core/Src/stm32f1xx_it.o
 .debug_macro   0x0000000000014ed9      0x182 ./Core/Src/system_stm32f1xx.o
 .debug_macro   0x000000000001505b      0x1a6 ./Drivers/STM32F1xx_HAL_Driver/Src/stm32f1xx_hal.o
 .debug_macro   0x0000000000015201      0x182 ./Drivers/STM32F1xx_HAL_Driver/Src/stm32f1xx_hal_cortex.o
 .debug_macro   0x0000000000015383      0x1ed ./Drivers/STM32F1xx_HAL_Driver/Src/stm32f1xx_hal_gpio.o
 .debug_macro   0x0000000000015570      0x194 ./Drivers/STM32F1xx_HAL_Driver/Src/stm32f1xx_hal_rcc.o

.debug_line     0x0000000000000000     0x4bc1
 .debug_line    0x0000000000000000      0x667 ./Core/Src/Exercise1.o
 .debug_line    0x0000000000000667      0x6e8 ./Core/Src/main.o
 .debug_line    0x0000000000000d4f      0x639 ./Core/Src/stm32f1xx_hal_msp.o
 .debug_line    0x0000000000001388      0x6fa ./Core/Src/stm32f1xx_it.o
 .debug_line    0x0000000000001a82      0x6b6 ./Core/Src/system_stm32f1xx.o
 .debug_line    0x0000000000002138       0x86 ./Core/Startup/startup_stm32f103c6ux.o
 .debug_line    0x00000000000021be      0x8e3 ./Drivers/STM32F1xx_HAL_Driver/Src/stm32f1xx_hal.o
 .debug_line    0x0000000000002aa1      0xacb ./Drivers/STM32F1xx_HAL_Driver/Src/stm32f1xx_hal_cortex.o
 .debug_line    0x000000000000356c      0x966 ./Drivers/STM32F1xx_HAL_Driver/Src/stm32f1xx_hal_gpio.o
 .debug_line    0x0000000000003ed2      0xcef ./Drivers/STM32F1xx_HAL_Driver/Src/stm32f1xx_hal_rcc.o

.debug_str      0x0000000000000000    0x798b4
 .debug_str     0x0000000000000000    0x787df ./Core/Src/Exercise1.o
                                      0x78b1b (size before relaxing)
 .debug_str     0x00000000000787df      0x195 ./Core/Src/main.o
                                      0x78c5d (size before relaxing)
 .debug_str     0x0000000000078974       0x5a ./Core/Src/stm32f1xx_hal_msp.o
                                      0x78a9b (size before relaxing)
 .debug_str     0x00000000000789ce       0xbd ./Core/Src/stm32f1xx_it.o
                                      0x78ab8 (size before relaxing)
 .debug_str     0x0000000000078a8b       0x52 ./Core/Src/system_stm32f1xx.o
                                      0x78a24 (size before relaxing)
 .debug_str     0x0000000000078add       0x36 ./Core/Startup/startup_stm32f103c6ux.o
                                         0x61 (size before relaxing)
 .debug_str     0x0000000000078b13      0x52e ./Drivers/STM32F1xx_HAL_Driver/Src/stm32f1xx_hal.o
                                      0x7907b (size before relaxing)
 .debug_str     0x0000000000079041      0x300 ./Drivers/STM32F1xx_HAL_Driver/Src/stm32f1xx_hal_cortex.o
                                      0x79083 (size before relaxing)
 .debug_str     0x0000000000079341      0x324 ./Drivers/STM32F1xx_HAL_Driver/Src/stm32f1xx_hal_gpio.o
                                      0x78de8 (size before relaxing)
 .debug_str     0x0000000000079665      0x24f ./Drivers/STM32F1xx_HAL_Driver/Src/stm32f1xx_hal_rcc.o
                                      0x78e21 (size before relaxing)

.comment        0x0000000000000000       0x53
 .comment       0x0000000000000000       0x53 ./Core/Src/Exercise1.o
                                         0x54 (size before relaxing)
 .comment       0x0000000000000053       0x54 ./Core/Src/main.o
 .comment       0x0000000000000053       0x54 ./Core/Src/stm32f1xx_hal_msp.o
 .comment       0x0000000000000053       0x54 ./Core/Src/stm32f1xx_it.o
 .comment       0x0000000000000053       0x54 ./Core/Src/system_stm32f1xx.o
 .comment       0x0000000000000053       0x54 ./Drivers/STM32F1xx_HAL_Driver/Src/stm32f1xx_hal.o
 .comment       0x0000000000000053       0x54 ./Drivers/STM32F1xx_HAL_Driver/Src/stm32f1xx_hal_cortex.o
 .comment       0x0000000000000053       0x54 ./Drivers/STM32F1xx_HAL_Driver/Src/stm32f1xx_hal_gpio.o
 .comment       0x0000000000000053       0x54 ./Drivers/STM32F1xx_HAL_Driver/Src/stm32f1xx_hal_rcc.o

.debug_frame    0x0000000000000000      0xd98
 .debug_frame   0x0000000000000000       0x50 ./Core/Src/Exercise1.o
 .debug_frame   0x0000000000000050       0xa8 ./Core/Src/main.o
 .debug_frame   0x00000000000000f8       0x38 ./Core/Src/stm32f1xx_hal_msp.o
 .debug_frame   0x0000000000000130      0x104 ./Core/Src/stm32f1xx_it.o
 .debug_frame   0x0000000000000234       0x58 ./Core/Src/system_stm32f1xx.o
 .debug_frame   0x000000000000028c      0x334 ./Drivers/STM32F1xx_HAL_Driver/Src/stm32f1xx_hal.o
 .debug_frame   0x00000000000005c0      0x428 ./Drivers/STM32F1xx_HAL_Driver/Src/stm32f1xx_hal_cortex.o
 .debug_frame   0x00000000000009e8      0x14c ./Drivers/STM32F1xx_HAL_Driver/Src/stm32f1xx_hal_gpio.o
 .debug_frame   0x0000000000000b34      0x218 ./Drivers/STM32F1xx_HAL_Driver/Src/stm32f1xx_hal_rcc.o
 .debug_frame   0x0000000000000d4c       0x2c d:/vxl/stm32cubeide_1.7.0/stm32cubeide/plugins/com.st.stm32cube.ide.mcu.externaltools.gnu-tools-for-stm32.9-2020-q2-update.win32_2.0.0.202105311346/tools/bin/../lib/gcc/arm-none-eabi/9.3.1/../../../../arm-none-eabi/lib/thumb/v7-m/nofp\libc_nano.a(lib_a-init.o)
 .debug_frame   0x0000000000000d78       0x20 d:/vxl/stm32cubeide_1.7.0/stm32cubeide/plugins/com.st.stm32cube.ide.mcu.externaltools.gnu-tools-for-stm32.9-2020-q2-update.win32_2.0.0.202105311346/tools/bin/../lib/gcc/arm-none-eabi/9.3.1/../../../../arm-none-eabi/lib/thumb/v7-m/nofp\libc_nano.a(lib_a-memset.o)
