Archive member included to satisfy reference by file (symbol)

d:/vxl/stm32cubeide_1.7.0/stm32cubeide/plugins/com.st.stm32cube.ide.mcu.externaltools.gnu-tools-for-stm32.9-2020-q2-update.win32_2.0.0.202105311346/tools/bin/../lib/gcc/arm-none-eabi/9.3.1/../../../../arm-none-eabi/lib/thumb/v7-m/nofp\libc_nano.a(lib_a-errno.o)
                              ./Core/Src/syscalls.o (__errno)
d:/vxl/stm32cubeide_1.7.0/stm32cubeide/plugins/com.st.stm32cube.ide.mcu.externaltools.gnu-tools-for-stm32.9-2020-q2-update.win32_2.0.0.202105311346/tools/bin/../lib/gcc/arm-none-eabi/9.3.1/../../../../arm-none-eabi/lib/thumb/v7-m/nofp\libc_nano.a(lib_a-exit.o)
                              d:/vxl/stm32cubeide_1.7.0/stm32cubeide/plugins/com.st.stm32cube.ide.mcu.externaltools.gnu-tools-for-stm32.9-2020-q2-update.win32_2.0.0.202105311346/tools/bin/../lib/gcc/arm-none-eabi/9.3.1/../../../../arm-none-eabi/lib/thumb/v7-m/nofp/crt0.o (exit)
d:/vxl/stm32cubeide_1.7.0/stm32cubeide/plugins/com.st.stm32cube.ide.mcu.externaltools.gnu-tools-for-stm32.9-2020-q2-update.win32_2.0.0.202105311346/tools/bin/../lib/gcc/arm-none-eabi/9.3.1/../../../../arm-none-eabi/lib/thumb/v7-m/nofp\libc_nano.a(lib_a-impure.o)
                              d:/vxl/stm32cubeide_1.7.0/stm32cubeide/plugins/com.st.stm32cube.ide.mcu.externaltools.gnu-tools-for-stm32.9-2020-q2-update.win32_2.0.0.202105311346/tools/bin/../lib/gcc/arm-none-eabi/9.3.1/../../../../arm-none-eabi/lib/thumb/v7-m/nofp\libc_nano.a(lib_a-exit.o) (_global_impure_ptr)
d:/vxl/stm32cubeide_1.7.0/stm32cubeide/plugins/com.st.stm32cube.ide.mcu.externaltools.gnu-tools-for-stm32.9-2020-q2-update.win32_2.0.0.202105311346/tools/bin/../lib/gcc/arm-none-eabi/9.3.1/../../../../arm-none-eabi/lib/thumb/v7-m/nofp\libc_nano.a(lib_a-init.o)
                              d:/vxl/stm32cubeide_1.7.0/stm32cubeide/plugins/com.st.stm32cube.ide.mcu.externaltools.gnu-tools-for-stm32.9-2020-q2-update.win32_2.0.0.202105311346/tools/bin/../lib/gcc/arm-none-eabi/9.3.1/../../../../arm-none-eabi/lib/thumb/v7-m/nofp/crt0.o (__libc_init_array)
d:/vxl/stm32cubeide_1.7.0/stm32cubeide/plugins/com.st.stm32cube.ide.mcu.externaltools.gnu-tools-for-stm32.9-2020-q2-update.win32_2.0.0.202105311346/tools/bin/../lib/gcc/arm-none-eabi/9.3.1/../../../../arm-none-eabi/lib/thumb/v7-m/nofp\libc_nano.a(lib_a-memset.o)
                              d:/vxl/stm32cubeide_1.7.0/stm32cubeide/plugins/com.st.stm32cube.ide.mcu.externaltools.gnu-tools-for-stm32.9-2020-q2-update.win32_2.0.0.202105311346/tools/bin/../lib/gcc/arm-none-eabi/9.3.1/../../../../arm-none-eabi/lib/thumb/v7-m/nofp/crt0.o (memset)

Allocating common symbols
Common symbol       size              file

uwTick              0x4               ./Drivers/STM32F1xx_HAL_Driver/Src/stm32f1xx_hal.o
pFlash              0x20              ./Drivers/STM32F1xx_HAL_Driver/Src/stm32f1xx_hal_flash.o

Discarded input sections

 .text          0x0000000000000000        0x0 d:/vxl/stm32cubeide_1.7.0/stm32cubeide/plugins/com.st.stm32cube.ide.mcu.externaltools.gnu-tools-for-stm32.9-2020-q2-update.win32_2.0.0.202105311346/tools/bin/../lib/gcc/arm-none-eabi/9.3.1/thumb/v7-m/nofp/crti.o
 .data          0x0000000000000000        0x0 d:/vxl/stm32cubeide_1.7.0/stm32cubeide/plugins/com.st.stm32cube.ide.mcu.externaltools.gnu-tools-for-stm32.9-2020-q2-update.win32_2.0.0.202105311346/tools/bin/../lib/gcc/arm-none-eabi/9.3.1/thumb/v7-m/nofp/crti.o
 .bss           0x0000000000000000        0x0 d:/vxl/stm32cubeide_1.7.0/stm32cubeide/plugins/com.st.stm32cube.ide.mcu.externaltools.gnu-tools-for-stm32.9-2020-q2-update.win32_2.0.0.202105311346/tools/bin/../lib/gcc/arm-none-eabi/9.3.1/thumb/v7-m/nofp/crti.o
 .data          0x0000000000000000        0x4 d:/vxl/stm32cubeide_1.7.0/stm32cubeide/plugins/com.st.stm32cube.ide.mcu.externaltools.gnu-tools-for-stm32.9-2020-q2-update.win32_2.0.0.202105311346/tools/bin/../lib/gcc/arm-none-eabi/9.3.1/thumb/v7-m/nofp/crtbegin.o
 .text          0x0000000000000000       0x7c d:/vxl/stm32cubeide_1.7.0/stm32cubeide/plugins/com.st.stm32cube.ide.mcu.externaltools.gnu-tools-for-stm32.9-2020-q2-update.win32_2.0.0.202105311346/tools/bin/../lib/gcc/arm-none-eabi/9.3.1/../../../../arm-none-eabi/lib/thumb/v7-m/nofp/crt0.o
 .data          0x0000000000000000        0x0 d:/vxl/stm32cubeide_1.7.0/stm32cubeide/plugins/com.st.stm32cube.ide.mcu.externaltools.gnu-tools-for-stm32.9-2020-q2-update.win32_2.0.0.202105311346/tools/bin/../lib/gcc/arm-none-eabi/9.3.1/../../../../arm-none-eabi/lib/thumb/v7-m/nofp/crt0.o
 .bss           0x0000000000000000        0x0 d:/vxl/stm32cubeide_1.7.0/stm32cubeide/plugins/com.st.stm32cube.ide.mcu.externaltools.gnu-tools-for-stm32.9-2020-q2-update.win32_2.0.0.202105311346/tools/bin/../lib/gcc/arm-none-eabi/9.3.1/../../../../arm-none-eabi/lib/thumb/v7-m/nofp/crt0.o
[...]
Memory Configuration

Name             Origin             Length             Attributes
RAM              0x0000000020000000 0x0000000000002800 xrw
FLASH            0x0000000008000000 0x0000000000008000 xr
*default*        0x0000000000000000 0xffffffffffffffff

Linker script and memory map

LOAD d:/vxl/stm32cubeide_1.7.0/stm32cubeide/plugins/com.st.stm32cube.ide.mcu.externaltools.gnu-tools-for-stm32.9-2020-q2-update.win32_2.0.0.202105311346/tools/bin/../lib/gcc/arm-none-eabi/9.3.1/thumb/v7-m/nofp/crti.o
LOAD d:/vxl/stm32cubeide_1.7.0/stm32cubeide/plugins/com.st.stm32cube.ide.mcu.externaltools.gnu-tools-for-stm32.9-2020-q2-update.win32_2.0.0.202105311346/tools/bin/../lib/gcc/arm-none-eabi/9.3.1/thumb/v7-m/nofp/crtbegin.o
LOAD d:/vxl/stm32cubeide_1.7.0/stm32cubeide/plugins/com.st.stm32cube.ide.mcu.externaltools.gnu-tools-for-stm32.9-2020-q2-update.win32_2.0.0.202105311346/tools/bin/../lib/gcc/arm-none-eabi/9.3.1/../../../../arm-none-eabi/lib/thumb/v7-m/nofp/crt0.o
LOAD ./Core/Src/Exercise1.o
LOAD ./Core/Src/Exercise10.o
LOAD ./Core/Src/Exercise2.o
LOAD ./Core/Src/Exercise3.o
LOAD ./Core/Src/Exercise4.o
LOAD ./Core/Src/Exercise5.o
LOAD ./Core/Src/Exercise6.o
LOAD ./Core/Src/Exercise7.o
LOAD ./Core/Src/Exercise8.o
LOAD ./Core/Src/Exercise9.o
LOAD ./Core/Src/main.o
LOAD ./Core/Src/stm32f1xx_hal_msp.o
LOAD ./Core/Src/stm32f1xx_it.o
LOAD ./Core/Src/syscalls.o
LOAD ./Core/Src/sysmem.o
LOAD ./Core/Src/system_stm32f1xx.o
LOAD ./Core/Startup/startup_stm32f103c6ux.o
LOAD ./Drivers/STM32F1xx_HAL_Driver/Src/stm32f1xx_hal.o
LOAD ./Drivers/STM32F1xx_HAL_Driver/Src/stm32f1xx_hal_cortex.o
LOAD ./Drivers/STM32F1xx_HAL_Driver/Src/stm32f1xx_hal_dma.o
LOAD ./Drivers/STM32F1xx_HAL_Driver/Src/stm32f1xx_hal_exti.o
LOAD ./Drivers/STM32F1xx_HAL_Driver/Src/stm32f1xx_hal_flash.o
LOAD ./Drivers/STM32F1xx_HAL_Driver/Src/stm32f1xx_hal_flash_ex.o
LOAD ./Drivers/STM32F1xx_HAL_Driver/Src/stm32f1xx_hal_gpio.o
LOAD ./Drivers/STM32F1xx_HAL_Driver/Src/stm32f1xx_hal_gpio_ex.o
LOAD ./Drivers/STM32F1xx_HAL_Driver/Src/stm32f1xx_hal_pwr.o
LOAD ./Drivers/STM32F1xx_HAL_Driver/Src/stm32f1xx_hal_rcc.o
LOAD ./Drivers/STM32F1xx_HAL_Driver/Src/stm32f1xx_hal_rcc_ex.o
LOAD ./Drivers/STM32F1xx_HAL_Driver/Src/stm32f1xx_hal_tim.o
LOAD ./Drivers/STM32F1xx_HAL_Driver/Src/stm32f1xx_hal_tim_ex.o
START GROUP
LOAD d:/vxl/stm32cubeide_1.7.0/stm32cubeide/plugins/com.st.stm32cube.ide.mcu.externaltools.gnu-tools-for-stm32.9-2020-q2-update.win32_2.0.0.202105311346/tools/bin/../lib/gcc/arm-none-eabi/9.3.1/../../../../arm-none-eabi/lib/thumb/v7-m/nofp\libc_nano.a
LOAD d:/vxl/stm32cubeide_1.7.0/stm32cubeide/plugins/com.st.stm32cube.ide.mcu.externaltools.gnu-tools-for-stm32.9-2020-q2-update.win32_2.0.0.202105311346/tools/bin/../lib/gcc/arm-none-eabi/9.3.1/../../../../arm-none-eabi/lib/thumb/v7-m/nofp\libm.a
END GROUP
START GROUP
LOAD d:/vxl/stm32cubeide_1.7.0/stm32cubeide/plugins/com.st.stm32cube.ide.mcu.externaltools.gnu-tools-for-stm32.9-2020-q2-update.win32_2.0.0.202105311346/tools/bin/../lib/gcc/arm-none-eabi/9.3.1/thumb/v7-m/nofp\libgcc.a
LOAD d:/vxl/stm32cubeide_1.7.0/stm32cubeide/plugins/com.st.stm32cube.ide.mcu.externaltools.gnu-tools-for-stm32.9-2020-q2-update.win32_2.0.0.202105311346/tools/bin/../lib/gcc/arm-none-eabi/9.3.1/../../../../arm-none-eabi/lib/thumb/v7-m/nofp\libc_nano.a
END GROUP
START GROUP
LOAD d:/vxl/stm32cubeide_1.7.0/stm32cubeide/plugins/com.st.stm32cube.ide.mcu.externaltools.gnu-tools-for-stm32.9-2020-q2-update.win32_2.0.0.202105311346/tools/bin/../lib/gcc/arm-none-eabi/9.3.1/thumb/v7-m/nofp\libgcc.a
LOAD d:/vxl/stm32cubeide_1.7.0/stm32cubeide/plugins/com.st.stm32cube.ide.mcu.externaltools.gnu-tools-for-stm32.9-2020-q2-update.win32_2.0.0.202105311346/tools/bin/../lib/gcc/arm-none-eabi/9.3.1/../../../../arm-none-eabi/lib/thumb/v7-m/nofp\libc_nano.a
LOAD d:/vxl/stm32cubeide_1.7.0/stm32cubeide/plugins/com.st.stm32cube.ide.mcu.externaltools.gnu-tools-for-stm32.9-2020-q2-update.win32_2.0.0.202105311346/tools/bin/../lib/gcc/arm-none-eabi/9.3.1/../../../../arm-none-eabi/lib/thumb/v7-m/nofp\libnosys.a
END GROUP
START GROUP
LOAD d:/vxl/stm32cubeide_1.7.0/stm32cubeide/plugins/com.st.stm32cube.ide.mcu.externaltools.gnu-tools-for-stm32.9-2020-q2-update.win32_2.0.0.202105311346/tools/bin/../lib/gcc/arm-none-eabi/9.3.1/thumb/v7-m/nofp\libgcc.a
LOAD d:/vxl/stm32cubeide_1.7.0/stm32cubeide/plugins/com.st.stm32cube.ide.mcu.externaltools.gnu-tools-for-stm32.9-2020-q2-update.win32_2.0.0.202105311346/tools/bin/../lib/gcc/arm-none-eabi/9.3.1/../../../../arm-none-eabi/lib/thumb/v7-m/nofp\libc_nano.a
LOAD d:/vxl/stm32cubeide_1.7.0/stm32cubeide/plugins/com.st.stm32cube.ide.mcu.externaltools.gnu-tools-for-stm32.9-2020-q2-update.win32_2.0.0.202105311346/tools/bin/../lib/gcc/arm-none-eabi/9.3.1/../../../../arm-none-eabi/lib/thumb/v7-m/nofp\libnosys.a
END GROUP
LOAD d:/vxl/stm32cubeide_1.7.0/stm32cubeide/plugins/com.st.stm32cube.ide.mcu.externaltools.gnu-tools-for-stm32.9-2020-q2-update.win32_2.0.0.202105311346/tools/bin/../lib/gcc/arm-none-eabi/9.3.1/thumb/v7-m/nofp/crtend.o
LOAD d:/vxl/stm32cubeide_1.7.0/stm32cubeide/plugins/com.st.stm32cube.ide.mcu.externaltools.gnu-tools-for-stm32.9-2020-q2-update.win32_2.0.0.202105311346/tools/bin/../lib/gcc/arm-none-eabi/9.3.1/thumb/v7-m/nofp/crtn.o
                0x0000000020002800                _estack = (ORIGIN (RAM) + LENGTH (RAM))
                0x0000000000000200                _Min_Heap_Size = 0x200
                0x0000000000000400                _Min_Stack_Size = 0x400

.isr_vector     0x0000000008000000      0x10c
                0x0000000008000000                . = ALIGN (0x4)
 *(.isr_vector)
 .isr_vector    0x0000000008000000      0x10c ./Core/Startup/startup_stm32f103c6ux.o
                0x0000000008000000                g_pfnVectors
                0x000000000800010c                . = ALIGN (0x4)

.text           0x000000000800010c     0x1360
                0x000000000800010c                . = ALIGN (0x4)
 *(.text)
 .text          0x000000000800010c       0x40 d:/vxl/stm32cubeide_1.7.0/stm32cubeide/plugins/com.st.stm32cube.ide.mcu.externaltools.gnu-tools-for-stm32.9-2020-q2-update.win32_2.0.0.202105311346/tools/bin/../lib/gcc/arm-none-eabi/9.3.1/thumb/v7-m/nofp/crtbegin.o
 *(.text*)
 .text.EX10_Init10
                0x000000000800014c       0x5c ./Core/Src/Exercise10.o
                0x000000000800014c                EX10_Init10
 .text.clearAllClock
                0x00000000080001a8       0x8c ./Core/Src/Exercise7.o
                0x00000000080001a8                clearAllClock
 .text.setNumberOnClock
                0x0000000008000234       0xe8 ./Core/Src/Exercise8.o
                0x0000000008000234                setNumberOnClock
 .text.clearNumberOnClock
                0x000000000800031c       0xe8 ./Core/Src/Exercise9.o
                0x000000000800031c                clearNumberOnClock
 .text.main     0x0000000008000404       0xbc ./Core/Src/main.o
                0x0000000008000404                main
 .text.SystemClock_Config
                0x00000000080004c0       0x76 ./Core/Src/main.o
                0x00000000080004c0                SystemClock_Config
 .text.Error_Handler
                0x0000000008000536        0xa ./Core/Src/main.o
                0x0000000008000536                Error_Handler
 .text.HAL_MspInit
                0x0000000008000540       0x64 ./Core/Src/stm32f1xx_hal_msp.o
                0x0000000008000540                HAL_MspInit
 .text.NMI_Handler
                0x00000000080005a4        0x6 ./Core/Src/stm32f1xx_it.o
                0x00000000080005a4                NMI_Handler
 .text.HardFault_Handler
                0x00000000080005aa        0x6 ./Core/Src/stm32f1xx_it.o
                0x00000000080005aa                HardFault_Handler
 .text.MemManage_Handler
                0x00000000080005b0        0x6 ./Core/Src/stm32f1xx_it.o
                0x00000000080005b0                MemManage_Handler
 .text.BusFault_Handler
                0x00000000080005b6        0x6 ./Core/Src/stm32f1xx_it.o
                0x00000000080005b6                BusFault_Handler
 .text.UsageFault_Handler
                0x00000000080005bc        0x6 ./Core/Src/stm32f1xx_it.o
                0x00000000080005bc                UsageFault_Handler
 .text.SVC_Handler
                0x00000000080005c2        0xc ./Core/Src/stm32f1xx_it.o
                0x00000000080005c2                SVC_Handler
 .text.DebugMon_Handler
                0x00000000080005ce        0xc ./Core/Src/stm32f1xx_it.o
                0x00000000080005ce                DebugMon_Handler
 .text.PendSV_Handler
                0x00000000080005da        0xc ./Core/Src/stm32f1xx_it.o
                0x00000000080005da                PendSV_Handler
 .text.SysTick_Handler
                0x00000000080005e6        0xc ./Core/Src/stm32f1xx_it.o
                0x00000000080005e6                SysTick_Handler
 .text.SystemInit
                0x00000000080005f2        0xc ./Core/Src/system_stm32f1xx.o
                0x00000000080005f2                SystemInit
 *fill*         0x00000000080005fe        0x2 
 .text.Reset_Handler
                0x0000000008000600       0x48 ./Core/Startup/startup_stm32f103c6ux.o
                0x0000000008000600                Reset_Handler
 .text.Default_Handler
                0x0000000008000648        0x2 ./Core/Startup/startup_stm32f103c6ux.o
                0x0000000008000648                RTC_Alarm_IRQHandler
                0x0000000008000648                EXTI2_IRQHandler
                0x0000000008000648                TIM1_CC_IRQHandler
                0x0000000008000648                PVD_IRQHandler
                0x0000000008000648                EXTI3_IRQHandler
                0x0000000008000648                EXTI0_IRQHandler
                0x0000000008000648                ADC1_2_IRQHandler
                0x0000000008000648                SPI1_IRQHandler
                0x0000000008000648                TAMPER_IRQHandler
                0x0000000008000648                DMA1_Channel4_IRQHandler
                0x0000000008000648                RTC_IRQHandler
                0x0000000008000648                DMA1_Channel7_IRQHandler
                0x0000000008000648                CAN1_RX1_IRQHandler
                0x0000000008000648                I2C1_EV_IRQHandler
                0x0000000008000648                DMA1_Channel6_IRQHandler
                0x0000000008000648                TIM3_IRQHandler
                0x0000000008000648                RCC_IRQHandler
                0x0000000008000648                TIM1_TRG_COM_IRQHandler
                0x0000000008000648                DMA1_Channel1_IRQHandler
                0x0000000008000648                Default_Handler
                0x0000000008000648                EXTI15_10_IRQHandler
                0x0000000008000648                EXTI9_5_IRQHandler
                0x0000000008000648                DMA1_Channel5_IRQHandler
                0x0000000008000648                EXTI4_IRQHandler
                0x0000000008000648                USB_LP_CAN1_RX0_IRQHandler
                0x0000000008000648                USB_HP_CAN1_TX_IRQHandler
                0x0000000008000648                DMA1_Channel3_IRQHandler
                0x0000000008000648                TIM1_UP_IRQHandler
                0x0000000008000648                WWDG_IRQHandler
                0x0000000008000648                TIM2_IRQHandler
                0x0000000008000648                TIM1_BRK_IRQHandler
                0x0000000008000648                EXTI1_IRQHandler
                0x0000000008000648                USART2_IRQHandler
                0x0000000008000648                DMA1_Channel2_IRQHandler
                0x0000000008000648                CAN1_SCE_IRQHandler
                0x0000000008000648                FLASH_IRQHandler
                0x0000000008000648                USART1_IRQHandler
                0x0000000008000648                I2C1_ER_IRQHandler
                0x0000000008000648                USBWakeUp_IRQHandler
 *fill*         0x000000000800064a        0x2 
 .text.HAL_Init
                0x000000000800064c       0x2c ./Drivers/STM32F1xx_HAL_Driver/Src/stm32f1xx_hal.o
                0x000000000800064c                HAL_Init
 .text.HAL_InitTick
                0x0000000008000678       0x60 ./Drivers/STM32F1xx_HAL_Driver/Src/stm32f1xx_hal.o
                0x0000000008000678                HAL_InitTick
 .text.HAL_IncTick
                0x00000000080006d8       0x24 ./Drivers/STM32F1xx_HAL_Driver/Src/stm32f1xx_hal.o
                0x00000000080006d8                HAL_IncTick
 .text.HAL_GetTick
                0x00000000080006fc       0x14 ./Drivers/STM32F1xx_HAL_Driver/Src/stm32f1xx_hal.o
                0x00000000080006fc                HAL_GetTick
 .text.HAL_Delay
                0x0000000008000710       0x48 ./Drivers/STM32F1xx_HAL_Driver/Src/stm32f1xx_hal.o
                0x0000000008000710                HAL_Delay
 .text.__NVIC_SetPriorityGrouping
                0x0000000008000758       0x48 ./Drivers/STM32F1xx_HAL_Driver/Src/stm32f1xx_hal_cortex.o
 .text.__NVIC_GetPriorityGrouping
                0x00000000080007a0       0x1c ./Drivers/STM32F1xx_HAL_Driver/Src/stm32f1xx_hal_cortex.o
 .text.__NVIC_SetPriority
                0x00000000080007bc       0x54 ./Drivers/STM32F1xx_HAL_Driver/Src/stm32f1xx_hal_cortex.o
 .text.NVIC_EncodePriority
                0x0000000008000810       0x64 ./Drivers/STM32F1xx_HAL_Driver/Src/stm32f1xx_hal_cortex.o
 .text.SysTick_Config
                0x0000000008000874       0x44 ./Drivers/STM32F1xx_HAL_Driver/Src/stm32f1xx_hal_cortex.o
 .text.HAL_NVIC_SetPriorityGrouping
                0x00000000080008b8       0x16 ./Drivers/STM32F1xx_HAL_Driver/Src/stm32f1xx_hal_cortex.o
                0x00000000080008b8                HAL_NVIC_SetPriorityGrouping
 .text.HAL_NVIC_SetPriority
                0x00000000080008ce       0x38 ./Drivers/STM32F1xx_HAL_Driver/Src/stm32f1xx_hal_cortex.o
                0x00000000080008ce                HAL_NVIC_SetPriority
 .text.HAL_SYSTICK_Config
                0x0000000008000906       0x18 ./Drivers/STM32F1xx_HAL_Driver/Src/stm32f1xx_hal_cortex.o
                0x0000000008000906                HAL_SYSTICK_Config
 *fill*         0x000000000800091e        0x2 
 .text.HAL_GPIO_Init
                0x0000000008000920      0x2f4 ./Drivers/STM32F1xx_HAL_Driver/Src/stm32f1xx_hal_gpio.o
                0x0000000008000920                HAL_GPIO_Init
 .text.HAL_GPIO_WritePin
                0x0000000008000c14       0x30 ./Drivers/STM32F1xx_HAL_Driver/Src/stm32f1xx_hal_gpio.o
                0x0000000008000c14                HAL_GPIO_WritePin
 .text.HAL_RCC_OscConfig
                0x0000000008000c44      0x500 ./Drivers/STM32F1xx_HAL_Driver/Src/stm32f1xx_hal_rcc.o
                0x0000000008000c44                HAL_RCC_OscConfig
 .text.HAL_RCC_ClockConfig
                0x0000000008001144      0x1d4 ./Drivers/STM32F1xx_HAL_Driver/Src/stm32f1xx_hal_rcc.o
                0x0000000008001144                HAL_RCC_ClockConfig
 .text.HAL_RCC_GetSysClockFreq
                0x0000000008001318       0xa8 ./Drivers/STM32F1xx_HAL_Driver/Src/stm32f1xx_hal_rcc.o
                0x0000000008001318                HAL_RCC_GetSysClockFreq
 .text.RCC_Delay
                0x00000000080013c0       0x3c ./Drivers/STM32F1xx_HAL_Driver/Src/stm32f1xx_hal_rcc.o
 .text.__libc_init_array
                0x00000000080013fc       0x48 d:/vxl/stm32cubeide_1.7.0/stm32cubeide/plugins/com.st.stm32cube.ide.mcu.externaltools.gnu-tools-for-stm32.9-2020-q2-update.win32_2.0.0.202105311346/tools/bin/../lib/gcc/arm-none-eabi/9.3.1/../../../../arm-none-eabi/lib/thumb/v7-m/nofp\libc_nano.a(lib_a-init.o)
                0x00000000080013fc                __libc_init_array
 .text.memset   0x0000000008001444       0x10 d:/vxl/stm32cubeide_1.7.0/stm32cubeide/plugins/com.st.stm32cube.ide.mcu.externaltools.gnu-tools-for-stm32.9-2020-q2-update.win32_2.0.0.202105311346/tools/bin/../lib/gcc/arm-none-eabi/9.3.1/../../../../arm-none-eabi/lib/thumb/v7-m/nofp\libc_nano.a(lib_a-memset.o)
                0x0000000008001444                memset
 *(.glue_7)
 .glue_7        0x0000000008001454        0x0 linker stubs
 *(.glue_7t)
 .glue_7t       0x0000000008001454        0x0 linker stubs
 *(.eh_frame)
 .eh_frame      0x0000000008001454        0x0 d:/vxl/stm32cubeide_1.7.0/stm32cubeide/plugins/com.st.stm32cube.ide.mcu.externaltools.gnu-tools-for-stm32.9-2020-q2-update.win32_2.0.0.202105311346/tools/bin/../lib/gcc/arm-none-eabi/9.3.1/thumb/v7-m/nofp/crtbegin.o
 *(.init)
 .init          0x0000000008001454        0x4 d:/vxl/stm32cubeide_1.7.0/stm32cubeide/plugins/com.st.stm32cube.ide.mcu.externaltools.gnu-tools-for-stm32.9-2020-q2-update.win32_2.0.0.202105311346/tools/bin/../lib/gcc/arm-none-eabi/9.3.1/thumb/v7-m/nofp/crti.o
                0x0000000008001454                _init
 .init          0x0000000008001458        0x8 d:/vxl/stm32cubeide_1.7.0/stm32cubeide/plugins/com.st.stm32cube.ide.mcu.externaltools.gnu-tools-for-stm32.9-2020-q2-update.win32_2.0.0.202105311346/tools/bin/../lib/gcc/arm-none-eabi/9.3.1/thumb/v7-m/nofp/crtn.o
 *(.fini)
 .fini          0x0000000008001460        0x4 d:/vxl/stm32cubeide_1.7.0/stm32cubeide/plugins/com.st.stm32cube.ide.mcu.externaltools.gnu-tools-for-stm32.9-2020-q2-update.win32_2.0.0.202105311346/tools/bin/../lib/gcc/arm-none-eabi/9.3.1/thumb/v7-m/nofp/crti.o
                0x0000000008001460                _fini
 .fini          0x0000000008001464        0x8 d:/vxl/stm32cubeide_1.7.0/stm32cubeide/plugins/com.st.stm32cube.ide.mcu.externaltools.gnu-tools-for-stm32.9-2020-q2-update.win32_2.0.0.202105311346/tools/bin/../lib/gcc/arm-none-eabi/9.3.1/thumb/v7-m/nofp/crtn.o
                0x000000000800146c                . = ALIGN (0x4)
                0x000000000800146c                _etext = .

.vfp11_veneer   0x000000000800146c        0x0
 .vfp11_veneer  0x000000000800146c        0x0 linker stubs

.v4_bx          0x000000000800146c        0x0
 .v4_bx         0x000000000800146c        0x0 linker stubs

.iplt           0x000000000800146c        0x0
 .iplt          0x000000000800146c        0x0 d:/vxl/stm32cubeide_1.7.0/stm32cubeide/plugins/com.st.stm32cube.ide.mcu.externaltools.gnu-tools-for-stm32.9-2020-q2-update.win32_2.0.0.202105311346/tools/bin/../lib/gcc/arm-none-eabi/9.3.1/thumb/v7-m/nofp/crtbegin.o

.rodata         0x000000000800146c       0x24
                0x000000000800146c                . = ALIGN (0x4)
 *(.rodata)
 *(.rodata*)
 .rodata.AHBPrescTable
                0x000000000800146c       0x10 ./Core/Src/system_stm32f1xx.o
                0x000000000800146c                AHBPrescTable
 .rodata.aPLLMULFactorTable.5504
                0x000000000800147c       0x10 ./Drivers/STM32F1xx_HAL_Driver/Src/stm32f1xx_hal_rcc.o
 .rodata.aPredivFactorTable.5505
                0x000000000800148c        0x2 ./Drivers/STM32F1xx_HAL_Driver/Src/stm32f1xx_hal_rcc.o
                0x0000000008001490                . = ALIGN (0x4)
 *fill*         0x000000000800148e        0x2 

.rel.dyn        0x0000000008001490        0x0
 .rel.iplt      0x0000000008001490        0x0 d:/vxl/stm32cubeide_1.7.0/stm32cubeide/plugins/com.st.stm32cube.ide.mcu.externaltools.gnu-tools-for-stm32.9-2020-q2-update.win32_2.0.0.202105311346/tools/bin/../lib/gcc/arm-none-eabi/9.3.1/thumb/v7-m/nofp/crtbegin.o

.ARM.extab      0x0000000008001490        0x0
                0x0000000008001490                . = ALIGN (0x4)
 *(.ARM.extab* .gnu.linkonce.armextab.*)
                0x0000000008001490                . = ALIGN (0x4)

.ARM            0x0000000008001490        0x0
                0x0000000008001490                . = ALIGN (0x4)
                0x0000000008001490                __exidx_start = .
 *(.ARM.exidx*)
                0x0000000008001490                __exidx_end = .
                0x0000000008001490                . = ALIGN (0x4)

.preinit_array  0x0000000008001490        0x0
                0x0000000008001490                . = ALIGN (0x4)
                0x0000000008001490                PROVIDE (__preinit_array_start = .)
 *(.preinit_array*)
                0x0000000008001490                PROVIDE (__preinit_array_end = .)
                0x0000000008001490                . = ALIGN (0x4)

.init_array     0x0000000008001490        0x4
                0x0000000008001490                . = ALIGN (0x4)
                0x0000000008001490                PROVIDE (__init_array_start = .)
 *(SORT_BY_NAME(.init_array.*))
 *(.init_array*)
 .init_array    0x0000000008001490        0x4 d:/vxl/stm32cubeide_1.7.0/stm32cubeide/plugins/com.st.stm32cube.ide.mcu.externaltools.gnu-tools-for-stm32.9-2020-q2-update.win32_2.0.0.202105311346/tools/bin/../lib/gcc/arm-none-eabi/9.3.1/thumb/v7-m/nofp/crtbegin.o
                0x0000000008001494                PROVIDE (__init_array_end = .)
                0x0000000008001494                . = ALIGN (0x4)

.fini_array     0x0000000008001494        0x4
                0x0000000008001494                . = ALIGN (0x4)
                [!provide]                        PROVIDE (__fini_array_start = .)
 *(SORT_BY_NAME(.fini_array.*))
 *(.fini_array*)
 .fini_array    0x0000000008001494        0x4 d:/vxl/stm32cubeide_1.7.0/stm32cubeide/plugins/com.st.stm32cube.ide.mcu.externaltools.gnu-tools-for-stm32.9-2020-q2-update.win32_2.0.0.202105311346/tools/bin/../lib/gcc/arm-none-eabi/9.3.1/thumb/v7-m/nofp/crtbegin.o
                [!provide]                        PROVIDE (__fini_array_end = .)
                0x0000000008001498                . = ALIGN (0x4)
                0x0000000008001498                _sidata = LOADADDR (.data)

.data           0x0000000020000000        0xc load address 0x0000000008001498
                0x0000000020000000                . = ALIGN (0x4)
                0x0000000020000000                _sdata = .
 *(.data)
 *(.data*)
 .data.SystemCoreClock
                0x0000000020000000        0x4 ./Core/Src/system_stm32f1xx.o
                0x0000000020000000                SystemCoreClock
 .data.uwTickPrio
                0x0000000020000004        0x4 ./Drivers/STM32F1xx_HAL_Driver/Src/stm32f1xx_hal.o
                0x0000000020000004                uwTickPrio
 .data.uwTickFreq
                0x0000000020000008        0x1 ./Drivers/STM32F1xx_HAL_Driver/Src/stm32f1xx_hal.o
                0x0000000020000008                uwTickFreq
 *(.RamFunc)
 *(.RamFunc*)
                0x000000002000000c                . = ALIGN (0x4)
 *fill*         0x0000000020000009        0x3 
                0x000000002000000c                _edata = .

.igot.plt       0x000000002000000c        0x0 load address 0x00000000080014a4
 .igot.plt      0x000000002000000c        0x0 d:/vxl/stm32cubeide_1.7.0/stm32cubeide/plugins/com.st.stm32cube.ide.mcu.externaltools.gnu-tools-for-stm32.9-2020-q2-update.win32_2.0.0.202105311346/tools/bin/../lib/gcc/arm-none-eabi/9.3.1/thumb/v7-m/nofp/crtbegin.o
                0x000000002000000c                . = ALIGN (0x4)

.bss            0x000000002000000c       0x20 load address 0x00000000080014a4
                0x000000002000000c                _sbss = .
                0x000000002000000c                __bss_start__ = _sbss
 *(.bss)
 .bss           0x000000002000000c       0x1c d:/vxl/stm32cubeide_1.7.0/stm32cubeide/plugins/com.st.stm32cube.ide.mcu.externaltools.gnu-tools-for-stm32.9-2020-q2-update.win32_2.0.0.202105311346/tools/bin/../lib/gcc/arm-none-eabi/9.3.1/thumb/v7-m/nofp/crtbegin.o
 *(.bss*)
 *(COMMON)
 COMMON         0x0000000020000028        0x4 ./Drivers/STM32F1xx_HAL_Driver/Src/stm32f1xx_hal.o
                0x0000000020000028                uwTick
                0x000000002000002c                . = ALIGN (0x4)
                0x000000002000002c                _ebss = .
                0x000000002000002c                __bss_end__ = _ebss

._user_heap_stack
                0x000000002000002c      0x604 load address 0x00000000080014a4
                0x0000000020000030                . = ALIGN (0x8)
 *fill*         0x000000002000002c        0x4 
                [!provide]                        PROVIDE (end = .)
                0x0000000020000030                PROVIDE (_end = .)
                0x0000000020000230                . = (. + _Min_Heap_Size)
 *fill*         0x0000000020000030      0x200 
                0x0000000020000630                . = (. + _Min_Stack_Size)
 *fill*         0x0000000020000230      0x400 
                0x0000000020000630                . = ALIGN (0x8)

/DISCARD/
 libc.a(*)
 libm.a(*)
 libgcc.a(*)

.ARM.attributes
                0x0000000000000000       0x29
 *(.ARM.attributes)
 .ARM.attributes
                0x0000000000000000       0x1d d:/vxl/stm32cubeide_1.7.0/stm32cubeide/plugins/com.st.stm32cube.ide.mcu.externaltools.gnu-tools-for-stm32.9-2020-q2-update.win32_2.0.0.202105311346/tools/bin/../lib/gcc/arm-none-eabi/9.3.1/thumb/v7-m/nofp/crti.o
 .ARM.attributes
                0x000000000000001d       0x2d d:/vxl/stm32cubeide_1.7.0/stm32cubeide/plugins/com.st.stm32cube.ide.mcu.externaltools.gnu-tools-for-stm32.9-2020-q2-update.win32_2.0.0.202105311346/tools/bin/../lib/gcc/arm-none-eabi/9.3.1/thumb/v7-m/nofp/crtbegin.o
 .ARM.attributes
                0x000000000000004a       0x2d ./Core/Src/Exercise10.o
 .ARM.attributes
                0x0000000000000077       0x2d ./Core/Src/Exercise7.o
 .ARM.attributes
                0x00000000000000a4       0x2d ./Core/Src/Exercise8.o
 .ARM.attributes
                0x00000000000000d1       0x2d ./Core/Src/Exercise9.o
 .ARM.attributes
                0x00000000000000fe       0x2d ./Core/Src/main.o
 .ARM.attributes
                0x000000000000012b       0x2d ./Core/Src/stm32f1xx_hal_msp.o
 .ARM.attributes
                0x0000000000000158       0x2d ./Core/Src/stm32f1xx_it.o
 .ARM.attributes
                0x0000000000000185       0x2d ./Core/Src/system_stm32f1xx.o
 .ARM.attributes
                0x00000000000001b2       0x21 ./Core/Startup/startup_stm32f103c6ux.o
 .ARM.attributes
                0x00000000000001d3       0x2d ./Drivers/STM32F1xx_HAL_Driver/Src/stm32f1xx_hal.o
 .ARM.attributes
                0x0000000000000200       0x2d ./Drivers/STM32F1xx_HAL_Driver/Src/stm32f1xx_hal_cortex.o
 .ARM.attributes
                0x000000000000022d       0x2d ./Drivers/STM32F1xx_HAL_Driver/Src/stm32f1xx_hal_gpio.o
 .ARM.attributes
                0x000000000000025a       0x2d ./Drivers/STM32F1xx_HAL_Driver/Src/stm32f1xx_hal_rcc.o
 .ARM.attributes
                0x0000000000000287       0x2d d:/vxl/stm32cubeide_1.7.0/stm32cubeide/plugins/com.st.stm32cube.ide.mcu.externaltools.gnu-tools-for-stm32.9-2020-q2-update.win32_2.0.0.202105311346/tools/bin/../lib/gcc/arm-none-eabi/9.3.1/../../../../arm-none-eabi/lib/thumb/v7-m/nofp\libc_nano.a(lib_a-init.o)
 .ARM.attributes
                0x00000000000002b4       0x2d d:/vxl/stm32cubeide_1.7.0/stm32cubeide/plugins/com.st.stm32cube.ide.mcu.externaltools.gnu-tools-for-stm32.9-2020-q2-update.win32_2.0.0.202105311346/tools/bin/../lib/gcc/arm-none-eabi/9.3.1/../../../../arm-none-eabi/lib/thumb/v7-m/nofp\libc_nano.a(lib_a-memset.o)
 .ARM.attributes
                0x00000000000002e1       0x1d d:/vxl/stm32cubeide_1.7.0/stm32cubeide/plugins/com.st.stm32cube.ide.mcu.externaltools.gnu-tools-for-stm32.9-2020-q2-update.win32_2.0.0.202105311346/tools/bin/../lib/gcc/arm-none-eabi/9.3.1/thumb/v7-m/nofp/crtn.o
OUTPUT(LAP_1_LED_ANIMATIONS.elf elf32-littlearm)
LOAD linker stubs
LOAD d:/vxl/stm32cubeide_1.7.0/stm32cubeide/plugins/com.st.stm32cube.ide.mcu.externaltools.gnu-tools-for-stm32.9-2020-q2-update.win32_2.0.0.202105311346/tools/bin/../lib/gcc/arm-none-eabi/9.3.1/../../../../arm-none-eabi/lib/thumb/v7-m/nofp\libc.a
LOAD d:/vxl/stm32cubeide_1.7.0/stm32cubeide/plugins/com.st.stm32cube.ide.mcu.externaltools.gnu-tools-for-stm32.9-2020-q2-update.win32_2.0.0.202105311346/tools/bin/../lib/gcc/arm-none-eabi/9.3.1/../../../../arm-none-eabi/lib/thumb/v7-m/nofp\libm.a
LOAD d:/vxl/stm32cubeide_1.7.0/stm32cubeide/plugins/com.st.stm32cube.ide.mcu.externaltools.gnu-tools-for-stm32.9-2020-q2-update.win32_2.0.0.202105311346/tools/bin/../lib/gcc/arm-none-eabi/9.3.1/thumb/v7-m/nofp\libgcc.a

.debug_info     0x0000000000000000     0x381b
 .debug_info    0x0000000000000000      0x33a ./Core/Src/Exercise10.o
 .debug_info    0x000000000000033a      0x23f ./Core/Src/Exercise7.o
 .debug_info    0x0000000000000579      0x24f ./Core/Src/Exercise8.o
 .debug_info    0x00000000000007c8      0x24f ./Core/Src/Exercise9.o
 .debug_info    0x0000000000000a17      0x368 ./Core/Src/main.o
 .debug_info    0x0000000000000d7f      0x2fc ./Core/Src/stm32f1xx_hal_msp.o
 .debug_info    0x000000000000107b      0x222 ./Core/Src/stm32f1xx_it.o
 .debug_info    0x000000000000129d      0x2be ./Core/Src/system_stm32f1xx.o
 .debug_info    0x000000000000155b       0x22 ./Core/Startup/startup_stm32f103c6ux.o
 .debug_info    0x000000000000157d      0x74c ./Drivers/STM32F1xx_HAL_Driver/Src/stm32f1xx_hal.o
 .debug_info    0x0000000000001cc9      0xbbe ./Drivers/STM32F1xx_HAL_Driver/Src/stm32f1xx_hal_cortex.o
 .debug_info    0x0000000000002887      0x701 ./Drivers/STM32F1xx_HAL_Driver/Src/stm32f1xx_hal_gpio.o
 .debug_info    0x0000000000002f88      0x893 ./Drivers/STM32F1xx_HAL_Driver/Src/stm32f1xx_hal_rcc.o

.debug_abbrev   0x0000000000000000     0x125e
 .debug_abbrev  0x0000000000000000      0x143 ./Core/Src/Exercise10.o
 .debug_abbrev  0x0000000000000143       0xf8 ./Core/Src/Exercise7.o
 .debug_abbrev  0x000000000000023b      0x109 ./Core/Src/Exercise8.o
 .debug_abbrev  0x0000000000000344      0x109 ./Core/Src/Exercise9.o
 .debug_abbrev  0x000000000000044d      0x167 ./Core/Src/main.o
 .debug_abbrev  0x00000000000005b4      0x11d ./Core/Src/stm32f1xx_hal_msp.o
 .debug_abbrev  0x00000000000006d1       0xd2 ./Core/Src/stm32f1xx_it.o
 .debug_abbrev  0x00000000000007a3      0x14e ./Core/Src/system_stm32f1xx.o
 .debug_abbrev  0x00000000000008f1       0x12 ./Core/Startup/startup_stm32f103c6ux.o
 .debug_abbrev  0x0000000000000903      0x1ed ./Drivers/STM32F1xx_HAL_Driver/Src/stm32f1xx_hal.o
 .debug_abbrev  0x0000000000000af0      0x313 ./Drivers/STM32F1xx_HAL_Driver/Src/stm32f1xx_hal_cortex.o
 .debug_abbrev  0x0000000000000e03      0x1e8 ./Drivers/STM32F1xx_HAL_Driver/Src/stm32f1xx_hal_gpio.o
 .debug_abbrev  0x0000000000000feb      0x273 ./Drivers/STM32F1xx_HAL_Driver/Src/stm32f1xx_hal_rcc.o

.debug_aranges  0x0000000000000000      0x448
 .debug_aranges
                0x0000000000000000       0x20 ./Core/Src/Exercise10.o
 .debug_aranges
                0x0000000000000020       0x20 ./Core/Src/Exercise7.o
 .debug_aranges
                0x0000000000000040       0x20 ./Core/Src/Exercise8.o
 .debug_aranges
                0x0000000000000060       0x20 ./Core/Src/Exercise9.o
 .debug_aranges
                0x0000000000000080       0x30 ./Core/Src/main.o
 .debug_aranges
                0x00000000000000b0       0x20 ./Core/Src/stm32f1xx_hal_msp.o
 .debug_aranges
                0x00000000000000d0       0x60 ./Core/Src/stm32f1xx_it.o
 .debug_aranges
                0x0000000000000130       0x28 ./Core/Src/system_stm32f1xx.o
 .debug_aranges
                0x0000000000000158       0x28 ./Core/Startup/startup_stm32f103c6ux.o
 .debug_aranges
                0x0000000000000180       0xe0 ./Drivers/STM32F1xx_HAL_Driver/Src/stm32f1xx_hal.o
 .debug_aranges
                0x0000000000000260      0x100 ./Drivers/STM32F1xx_HAL_Driver/Src/stm32f1xx_hal_cortex.o
 .debug_aranges
                0x0000000000000360       0x58 ./Drivers/STM32F1xx_HAL_Driver/Src/stm32f1xx_hal_gpio.o
 .debug_aranges
                0x00000000000003b8       0x90 ./Drivers/STM32F1xx_HAL_Driver/Src/stm32f1xx_hal_rcc.o

.debug_ranges   0x0000000000000000      0x380
 .debug_ranges  0x0000000000000000       0x10 ./Core/Src/Exercise10.o
 .debug_ranges  0x0000000000000010       0x10 ./Core/Src/Exercise7.o
 .debug_ranges  0x0000000000000020       0x10 ./Core/Src/Exercise8.o
 .debug_ranges  0x0000000000000030       0x10 ./Core/Src/Exercise9.o
 .debug_ranges  0x0000000000000040       0x20 ./Core/Src/main.o
 .debug_ranges  0x0000000000000060       0x10 ./Core/Src/stm32f1xx_hal_msp.o
 .debug_ranges  0x0000000000000070       0x50 ./Core/Src/stm32f1xx_it.o
 .debug_ranges  0x00000000000000c0       0x18 ./Core/Src/system_stm32f1xx.o
 .debug_ranges  0x00000000000000d8       0x20 ./Core/Startup/startup_stm32f103c6ux.o
 .debug_ranges  0x00000000000000f8       0xd0 ./Drivers/STM32F1xx_HAL_Driver/Src/stm32f1xx_hal.o
 .debug_ranges  0x00000000000001c8       0xf0 ./Drivers/STM32F1xx_HAL_Driver/Src/stm32f1xx_hal_cortex.o
 .debug_ranges  0x00000000000002b8       0x48 ./Drivers/STM32F1xx_HAL_Driver/Src/stm32f1xx_hal_gpio.o
 .debug_ranges  0x0000000000000300       0x80 ./Drivers/STM32F1xx_HAL_Driver/Src/stm32f1xx_hal_rcc.o

.debug_macro    0x0000000000000000     0x160c
 .debug_macro   0x0000000000000000      0x1b6 ./Core/Src/Exercise10.o
 .debug_macro   0x00000000000001b6       0x4c ./Core/Src/Exercise10.o
 .debug_macro   0x0000000000000202       0x52 ./Core/Src/Exercise10.o
 .debug_macro   0x0000000000000254       0x52 ./Core/Src/Exercise10.o
 .debug_macro   0x00000000000002a6       0x52 ./Core/Src/Exercise10.o
 .debug_macro   0x00000000000002f8      0x1aa ./Core/Src/Exercise7.o
 .debug_macro   0x00000000000004a2       0x4c ./Core/Src/Exercise7.o
 .debug_macro   0x00000000000004ee       0x52 ./Core/Src/Exercise7.o
 .debug_macro   0x0000000000000540      0x1a4 ./Core/Src/Exercise8.o
 .debug_macro   0x00000000000006e4       0x4c ./Core/Src/Exercise8.o
 .debug_macro   0x0000000000000730      0x1a4 ./Core/Src/Exercise9.o
 .debug_macro   0x00000000000008d4       0x4c ./Core/Src/Exercise9.o
 .debug_macro   0x0000000000000920      0x19f ./Core/Src/main.o
 .debug_macro   0x0000000000000abf      0x18c ./Core/Src/stm32f1xx_hal_msp.o
 .debug_macro   0x0000000000000c4b      0x196 ./Core/Src/stm32f1xx_it.o
 .debug_macro   0x0000000000000de1      0x182 ./Core/Src/system_stm32f1xx.o
 .debug_macro   0x0000000000000f63      0x1a6 ./Drivers/STM32F1xx_HAL_Driver/Src/stm32f1xx_hal.o
 .debug_macro   0x0000000000001109      0x182 ./Drivers/STM32F1xx_HAL_Driver/Src/stm32f1xx_hal_cortex.o
 .debug_macro   0x000000000000128b      0x1ed ./Drivers/STM32F1xx_HAL_Driver/Src/stm32f1xx_hal_gpio.o
 .debug_macro   0x0000000000001478      0x194 ./Drivers/STM32F1xx_HAL_Driver/Src/stm32f1xx_hal_rcc.o

.debug_line     0x0000000000000000     0x5ee6
 .debug_line    0x0000000000000000      0x67c ./Core/Src/Exercise10.o
 .debug_line    0x000000000000067c      0x658 ./Core/Src/Exercise7.o
 .debug_line    0x0000000000000cd4      0x666 ./Core/Src/Exercise8.o
 .debug_line    0x000000000000133a      0x666 ./Core/Src/Exercise9.o
 .debug_line    0x00000000000019a0      0x6d4 ./Core/Src/main.o
 .debug_line    0x0000000000002074      0x639 ./Core/Src/stm32f1xx_hal_msp.o
 .debug_line    0x00000000000026ad      0x6fa ./Core/Src/stm32f1xx_it.o
 .debug_line    0x0000000000002da7      0x6b6 ./Core/Src/system_stm32f1xx.o
 .debug_line    0x000000000000345d       0x86 ./Core/Startup/startup_stm32f103c6ux.o
 .debug_line    0x00000000000034e3      0x8e3 ./Drivers/STM32F1xx_HAL_Driver/Src/stm32f1xx_hal.o
 .debug_line    0x0000000000003dc6      0xacb ./Drivers/STM32F1xx_HAL_Driver/Src/stm32f1xx_hal_cortex.o
 .debug_line    0x0000000000004891      0x966 ./Drivers/STM32F1xx_HAL_Driver/Src/stm32f1xx_hal_gpio.o
 .debug_line    0x00000000000051f7      0xcef ./Drivers/STM32F1xx_HAL_Driver/Src/stm32f1xx_hal_rcc.o

.debug_str      0x0000000000000000    0x799b4
 .debug_str     0x0000000000000000    0x7883c ./Core/Src/Exercise10.o
                                      0x78b78 (size before relaxing)
 .debug_str     0x000000000007883c       0x54 ./Core/Src/Exercise7.o
                                      0x78b0c (size before relaxing)
 .debug_str     0x0000000000078890       0x29 ./Core/Src/Exercise8.o
                                      0x78afd (size before relaxing)
 .debug_str     0x00000000000788b9       0x2b ./Core/Src/Exercise9.o
                                      0x78aff (size before relaxing)
 .debug_str     0x00000000000788e4      0x190 ./Core/Src/main.o
                                      0x78c0b (size before relaxing)
 .debug_str     0x0000000000078a74       0x5a ./Core/Src/stm32f1xx_hal_msp.o
                                      0x78a37 (size before relaxing)
 .debug_str     0x0000000000078ace       0xbd ./Core/Src/stm32f1xx_it.o
                                      0x78a54 (size before relaxing)
 .debug_str     0x0000000000078b8b       0x52 ./Core/Src/system_stm32f1xx.o
                                      0x78a24 (size before relaxing)
 .debug_str     0x0000000000078bdd       0x36 ./Core/Startup/startup_stm32f103c6ux.o
                                         0x61 (size before relaxing)
 .debug_str     0x0000000000078c13      0x52e ./Drivers/STM32F1xx_HAL_Driver/Src/stm32f1xx_hal.o
                                      0x7907b (size before relaxing)
 .debug_str     0x0000000000079141      0x300 ./Drivers/STM32F1xx_HAL_Driver/Src/stm32f1xx_hal_cortex.o
                                      0x79083 (size before relaxing)
 .debug_str     0x0000000000079441      0x324 ./Drivers/STM32F1xx_HAL_Driver/Src/stm32f1xx_hal_gpio.o
                                      0x78de8 (size before relaxing)
 .debug_str     0x0000000000079765      0x24f ./Drivers/STM32F1xx_HAL_Driver/Src/stm32f1xx_hal_rcc.o
                                      0x78e21 (size before relaxing)

.comment        0x0000000000000000       0x53
 .comment       0x0000000000000000       0x53 ./Core/Src/Exercise10.o
                                         0x54 (size before relaxing)
 .comment       0x0000000000000053       0x54 ./Core/Src/Exercise7.o
 .comment       0x0000000000000053       0x54 ./Core/Src/Exercise8.o
 .comment       0x0000000000000053       0x54 ./Core/Src/Exercise9.o
 .comment       0x0000000000000053       0x54 ./Core/Src/main.o
 .comment       0x0000000000000053       0x54 ./Core/Src/stm32f1xx_hal_msp.o
 .comment       0x0000000000000053       0x54 ./Core/Src/stm32f1xx_it.o
 .comment       0x0000000000000053       0x54 ./Core/Src/system_stm32f1xx.o
 .comment       0x0000000000000053       0x54 ./Drivers/STM32F1xx_HAL_Driver/Src/stm32f1xx_hal.o
 .comment       0x0000000000000053       0x54 ./Drivers/STM32F1xx_HAL_Driver/Src/stm32f1xx_hal_cortex.o
 .comment       0x0000000000000053       0x54 ./Drivers/STM32F1xx_HAL_Driver/Src/stm32f1xx_hal_gpio.o
 .comment       0x0000000000000053       0x54 ./Drivers/STM32F1xx_HAL_Driver/Src/stm32f1xx_hal_rcc.o

.debug_frame    0x0000000000000000      0xdd4
 .debug_frame   0x0000000000000000       0x34 ./Core/Src/Exercise10.o
 .debug_frame   0x0000000000000034       0x2c ./Core/Src/Exercise7.o
 .debug_frame   0x0000000000000060       0x34 ./Core/Src/Exercise8.o
 .debug_frame   0x0000000000000094       0x34 ./Core/Src/Exercise9.o
 .debug_frame   0x00000000000000c8       0x6c ./Core/Src/main.o
 .debug_frame   0x0000000000000134       0x38 ./Core/Src/stm32f1xx_hal_msp.o
 .debug_frame   0x000000000000016c      0x104 ./Core/Src/stm32f1xx_it.o
 .debug_frame   0x0000000000000270       0x58 ./Core/Src/system_stm32f1xx.o
 .debug_frame   0x00000000000002c8      0x334 ./Drivers/STM32F1xx_HAL_Driver/Src/stm32f1xx_hal.o
 .debug_frame   0x00000000000005fc      0x428 ./Drivers/STM32F1xx_HAL_Driver/Src/stm32f1xx_hal_cortex.o
 .debug_frame   0x0000000000000a24      0x14c ./Drivers/STM32F1xx_HAL_Driver/Src/stm32f1xx_hal_gpio.o
 .debug_frame   0x0000000000000b70      0x218 ./Drivers/STM32F1xx_HAL_Driver/Src/stm32f1xx_hal_rcc.o
 .debug_frame   0x0000000000000d88       0x2c d:/vxl/stm32cubeide_1.7.0/stm32cubeide/plugins/com.st.stm32cube.ide.mcu.externaltools.gnu-tools-for-stm32.9-2020-q2-update.win32_2.0.0.202105311346/tools/bin/../lib/gcc/arm-none-eabi/9.3.1/../../../../arm-none-eabi/lib/thumb/v7-m/nofp\libc_nano.a(lib_a-init.o)
 .debug_frame   0x0000000000000db4       0x20 d:/vxl/stm32cubeide_1.7.0/stm32cubeide/plugins/com.st.stm32cube.ide.mcu.externaltools.gnu-tools-for-stm32.9-2020-q2-update.win32_2.0.0.202105311346/tools/bin/../lib/gcc/arm-none-eabi/9.3.1/../../../../arm-none-eabi/lib/thumb/v7-m/nofp\libc_nano.a(lib_a-memset.o)
